Archive member included to satisfy reference by file (symbol)

lib/Debug/libsystem_config.a(init.o)
                              (Entry)
lib/Debug/libsystem_config.a(startup.o)
                              lib/Debug/libsystem_config.a(init.o) (start_boot)
lib/Debug/libsystem_config.a(cp15.o)
                              lib/Debug/libsystem_config.a(startup.o) (CP15VectorBaseAddrSet)
lib/Debug/libsystem_config.a(exceptionhandler.o)
                              lib/Debug/libsystem_config.a(startup.o) (IRQHandler)
lib/Debug/libsystem_config.a(interrupt.o)
                              lib/Debug/libsystem_config.a(exceptionhandler.o) (fnRAMVectors)
lib/Debug/libsystem_config.a(cpu.o)
                              lib/Debug/libsystem_config.a(exceptionhandler.o) (CPUAbortHandler)
/usr/lib/gcc/arm-none-eabi/4.9.3//libgcc.a(_udivsi3.o)
                              (__aeabi_uidiv)
/usr/lib/gcc/arm-none-eabi/4.9.3//libgcc.a(_divsi3.o)
                              (__aeabi_idiv)
/usr/lib/gcc/arm-none-eabi/4.9.3//libgcc.a(_dvmd_tls.o)
                              /usr/lib/gcc/arm-none-eabi/4.9.3//libgcc.a(_udivsi3.o) (__aeabi_idiv0)

Allocating common symbols
Common symbol       size              file

moduleClk           0x1               Debug/gpioClk.o
fnRAMVectors        0x200             lib/Debug/libsystem_config.a(interrupt.o)
pin                 0x1               Debug/gpioClk.o

Discarded input sections

 .text          0x0000000000000000        0x0 Debug/gpioClk.o
 .data          0x0000000000000000        0x0 Debug/gpioClk.o
 .bss           0x0000000000000000        0x0 Debug/gpioClk.o
 .text          0x0000000000000000        0x0 Debug/gpioFunctions.o
 .data          0x0000000000000000        0x0 Debug/gpioFunctions.o
 .bss           0x0000000000000000        0x0 Debug/gpioFunctions.o
 .text          0x0000000000000000        0x0 Debug/gpioLED.o
 .data          0x0000000000000000        0x0 Debug/gpioLED.o
 .bss           0x0000000000000000        0x0 Debug/gpioLED.o
 .bss.flagToggle
                0x0000000000000000        0x4 Debug/gpioLED.o
 .text          0x0000000000000000        0x0 Debug/gpio_Button_Iago.o
 .data          0x0000000000000000        0x0 Debug/gpio_Button_Iago.o
 .bss           0x0000000000000000        0x0 Debug/gpio_Button_Iago.o
 .data          0x0000000000000000        0x0 lib/Debug/libsystem_config.a(init.o)
 .bss           0x0000000000000000        0x0 lib/Debug/libsystem_config.a(init.o)
 .text          0x0000000000000000        0x0 lib/Debug/libsystem_config.a(startup.o)
 .data          0x0000000000000000        0x0 lib/Debug/libsystem_config.a(startup.o)
 .bss           0x0000000000000000        0x0 lib/Debug/libsystem_config.a(startup.o)
 .rodata.AM335X_VECTOR_BASE
                0x0000000000000000        0x4 lib/Debug/libsystem_config.a(startup.o)
 .data          0x0000000000000000        0x0 lib/Debug/libsystem_config.a(cp15.o)
 .bss           0x0000000000000000        0x0 lib/Debug/libsystem_config.a(cp15.o)
 .data          0x0000000000000000        0x0 lib/Debug/libsystem_config.a(exceptionhandler.o)
 .bss           0x0000000000000000        0x0 lib/Debug/libsystem_config.a(exceptionhandler.o)
 .text          0x0000000000000000        0x0 lib/Debug/libsystem_config.a(interrupt.o)
 .data          0x0000000000000000        0x0 lib/Debug/libsystem_config.a(interrupt.o)
 .bss           0x0000000000000000        0x0 lib/Debug/libsystem_config.a(interrupt.o)
 .text.IntDefaultHandler
                0x0000000000000000       0x18 lib/Debug/libsystem_config.a(interrupt.o)
 .text.IntRegister
                0x0000000000000000       0x38 lib/Debug/libsystem_config.a(interrupt.o)
 .text.IntUnRegister
                0x0000000000000000       0x38 lib/Debug/libsystem_config.a(interrupt.o)
 .text.IntAINTCInit
                0x0000000000000000       0x94 lib/Debug/libsystem_config.a(interrupt.o)
 .text.IntPrioritySet
                0x0000000000000000       0x58 lib/Debug/libsystem_config.a(interrupt.o)
 .text.IntSystemEnable
                0x0000000000000000       0x54 lib/Debug/libsystem_config.a(interrupt.o)
 .text.IntSystemDisable
                0x0000000000000000       0x54 lib/Debug/libsystem_config.a(interrupt.o)
 .text.IntIfClkFreeRunSet
                0x0000000000000000       0x34 lib/Debug/libsystem_config.a(interrupt.o)
 .text.IntIfClkAutoGateSet
                0x0000000000000000       0x34 lib/Debug/libsystem_config.a(interrupt.o)
 .text.IntActiveIrqNumGet
                0x0000000000000000       0x28 lib/Debug/libsystem_config.a(interrupt.o)
 .text.IntSpurIrqFlagGet
                0x0000000000000000       0x2c lib/Debug/libsystem_config.a(interrupt.o)
 .text.IntProtectionEnable
                0x0000000000000000       0x28 lib/Debug/libsystem_config.a(interrupt.o)
 .text.IntProtectionDisable
                0x0000000000000000       0x34 lib/Debug/libsystem_config.a(interrupt.o)
 .text.IntSyncClkFreeRunSet
                0x0000000000000000       0x34 lib/Debug/libsystem_config.a(interrupt.o)
 .text.IntSyncClkAutoGateSet
                0x0000000000000000       0x34 lib/Debug/libsystem_config.a(interrupt.o)
 .text.IntFuncClkFreeRunSet
                0x0000000000000000       0x34 lib/Debug/libsystem_config.a(interrupt.o)
 .text.IntFuncClkAutoGateSet
                0x0000000000000000       0x34 lib/Debug/libsystem_config.a(interrupt.o)
 .text.IntCurrIrqPriorityGet
                0x0000000000000000       0x28 lib/Debug/libsystem_config.a(interrupt.o)
 .text.IntPriorityThresholdGet
                0x0000000000000000       0x28 lib/Debug/libsystem_config.a(interrupt.o)
 .text.IntPriorityThresholdSet
                0x0000000000000000       0x34 lib/Debug/libsystem_config.a(interrupt.o)
 .text.IntRawStatusGet
                0x0000000000000000       0x5c lib/Debug/libsystem_config.a(interrupt.o)
 .text.IntSoftwareIntSet
                0x0000000000000000       0x50 lib/Debug/libsystem_config.a(interrupt.o)
 .text.IntSoftwareIntClear
                0x0000000000000000       0x50 lib/Debug/libsystem_config.a(interrupt.o)
 .text.IntPendingIrqMaskedStatusGet
                0x0000000000000000       0x58 lib/Debug/libsystem_config.a(interrupt.o)
 .text.IntMasterIRQEnable
                0x0000000000000000       0x1c lib/Debug/libsystem_config.a(interrupt.o)
 .text.IntMasterIRQDisable
                0x0000000000000000       0x1c lib/Debug/libsystem_config.a(interrupt.o)
 .text.IntMasterFIQEnable
                0x0000000000000000       0x1c lib/Debug/libsystem_config.a(interrupt.o)
 .text.IntMasterFIQDisable
                0x0000000000000000       0x1c lib/Debug/libsystem_config.a(interrupt.o)
 .text.IntMasterStatusGet
                0x0000000000000000       0x20 lib/Debug/libsystem_config.a(interrupt.o)
 .text.IntDisable
                0x0000000000000000       0x3c lib/Debug/libsystem_config.a(interrupt.o)
 .text.IntEnable
                0x0000000000000000       0x38 lib/Debug/libsystem_config.a(interrupt.o)
 .text          0x0000000000000000        0x0 lib/Debug/libsystem_config.a(cpu.o)
 .data          0x0000000000000000        0x0 lib/Debug/libsystem_config.a(cpu.o)
 .bss           0x0000000000000000        0x0 lib/Debug/libsystem_config.a(cpu.o)
 .text.CPUSwitchToPrivilegedMode
                0x0000000000000000       0x1c lib/Debug/libsystem_config.a(cpu.o)
 .text.CPUSwitchToUserMode
                0x0000000000000000       0x28 lib/Debug/libsystem_config.a(cpu.o)
 .text.CPUAbortHandler
                0x0000000000000000       0x18 lib/Debug/libsystem_config.a(cpu.o)
 .text.CPUIntStatus
                0x0000000000000000       0x2c lib/Debug/libsystem_config.a(cpu.o)
 .text.CPUirqd  0x0000000000000000       0x28 lib/Debug/libsystem_config.a(cpu.o)
 .text.CPUirqe  0x0000000000000000       0x28 lib/Debug/libsystem_config.a(cpu.o)
 .text.CPUfiqd  0x0000000000000000       0x28 lib/Debug/libsystem_config.a(cpu.o)
 .text.CPUfiqe  0x0000000000000000       0x28 lib/Debug/libsystem_config.a(cpu.o)
 .debug_info    0x0000000000000000       0xcc lib/Debug/libsystem_config.a(cpu.o)
 .debug_abbrev  0x0000000000000000       0x62 lib/Debug/libsystem_config.a(cpu.o)
 .debug_aranges
                0x0000000000000000       0x58 lib/Debug/libsystem_config.a(cpu.o)
 .debug_ranges  0x0000000000000000       0x48 lib/Debug/libsystem_config.a(cpu.o)
 .debug_line    0x0000000000000000       0xd8 lib/Debug/libsystem_config.a(cpu.o)
 .debug_str     0x0000000000000000      0x1ce lib/Debug/libsystem_config.a(cpu.o)
 .comment       0x0000000000000000       0x6f lib/Debug/libsystem_config.a(cpu.o)
 .debug_frame   0x0000000000000000      0x110 lib/Debug/libsystem_config.a(cpu.o)
 .ARM.attributes
                0x0000000000000000       0x3b lib/Debug/libsystem_config.a(cpu.o)
 .data          0x0000000000000000        0x0 /usr/lib/gcc/arm-none-eabi/4.9.3//libgcc.a(_udivsi3.o)
 .bss           0x0000000000000000        0x0 /usr/lib/gcc/arm-none-eabi/4.9.3//libgcc.a(_udivsi3.o)
 .data          0x0000000000000000        0x0 /usr/lib/gcc/arm-none-eabi/4.9.3//libgcc.a(_divsi3.o)
 .bss           0x0000000000000000        0x0 /usr/lib/gcc/arm-none-eabi/4.9.3//libgcc.a(_divsi3.o)
 .data          0x0000000000000000        0x0 /usr/lib/gcc/arm-none-eabi/4.9.3//libgcc.a(_dvmd_tls.o)
 .bss           0x0000000000000000        0x0 /usr/lib/gcc/arm-none-eabi/4.9.3//libgcc.a(_dvmd_tls.o)

Memory Configuration

Name             Origin             Length             Attributes
DDR0             0x0000000080000000 0x0000000010000000
*default*        0x0000000000000000 0xffffffffffffffff

Linker script and memory map

LOAD Debug/gpioClk.o
LOAD Debug/gpioFunctions.o
LOAD Debug/gpioLED.o
LOAD Debug/gpio_Button_Iago.o
LOAD lib/Debug/libsystem_config.a
LOAD /usr/lib/arm-none-eabi/lib//libc.a
LOAD /usr/lib/gcc/arm-none-eabi/4.9.3//libgcc.a
LOAD lib/Debug/libsystem_config.a

.startcode      0x0000000080000000       0xb4
                0x0000000080000000                . = ALIGN (0x4)
 *init.o(.text)
 .text          0x0000000080000000       0xb4 lib/Debug/libsystem_config.a(init.o)
                0x0000000080000000                Entry

.text           0x00000000800000b4      0xe9c
                0x00000000800000b4                . = ALIGN (0x4)
 *(.text*)
 .text.GPIO1_ModuleClkConfig
                0x00000000800000b4       0x4c Debug/gpioClk.o
                0x00000000800000b4                GPIO1_ModuleClkConfig
 .text.ledInit  0x0000000080000100      0x234 Debug/gpioFunctions.o
                0x0000000080000100                ledInit
 .text.Delay    0x0000000080000334       0x38 Debug/gpioFunctions.o
                0x0000000080000334                Delay
 .text.getValue
                0x000000008000036c       0x5c Debug/gpioFunctions.o
                0x000000008000036c                getValue
 .text.GPIOPinMuxSetup
                0x00000000800003c8       0xb0 Debug/gpioLED.o
                0x00000000800003c8                GPIOPinMuxSetup
 .text.GPIOModuleEnable
                0x0000000080000478       0x3c Debug/gpioLED.o
                0x0000000080000478                GPIOModuleEnable
 .text.GPIOModuleReset
                0x00000000800004b4       0x3c Debug/gpioLED.o
                0x00000000800004b4                GPIOModuleReset
 .text.GPIODirModeSet
                0x00000000800004f0       0x90 Debug/gpioLED.o
                0x00000000800004f0                GPIODirModeSet
 .text.GPIOPinWrite
                0x0000000080000580       0x6c Debug/gpioLED.o
                0x0000000080000580                GPIOPinWrite
 .text.main     0x00000000800005ec       0x9c Debug/gpio_Button_Iago.o
                0x00000000800005ec                main
 .text.start_boot
                0x0000000080000688       0x24 lib/Debug/libsystem_config.a(startup.o)
                0x0000000080000688                start_boot
 .text.CopyVectorTable
                0x00000000800006ac       0x94 lib/Debug/libsystem_config.a(startup.o)
 .text          0x0000000080000740      0x488 lib/Debug/libsystem_config.a(cp15.o)
                0x0000000080000740                CP15ICacheDisable
                0x000000008000075c                CP15DCacheDisable
                0x0000000080000778                CP15ICacheEnable
                0x0000000080000788                CP15DCacheEnable
                0x0000000080000798                CP15DCacheFlush
                0x000000008000082c                CP15DCacheClean
                0x00000000800008c0                CP15DCacheCleanFlush
                0x0000000080000954                CP15ICacheFlush
                0x0000000080000964                CP15DCacheCleanBuff
                0x00000000800009b8                CP15DCacheCleanFlushBuff
                0x0000000080000a0c                CP15DCacheFlushBuff
                0x0000000080000a70                CP15ICacheFlushBuff
                0x0000000080000ac4                CP15Ttb0Set
                0x0000000080000ad0                CP15TlbInvalidate
                0x0000000080000adc                CP15MMUDisable
                0x0000000080000af4                CP15MMUEnable
                0x0000000080000b08                CP15VectorBaseAddrSet
                0x0000000080000b14                CP15BranchPredictorInvalidate
                0x0000000080000b20                CP15BranchPredictionEnable
                0x0000000080000b30                CP15BranchPredictionDisable
                0x0000000080000b40                CP15DomainAccessClientSet
                0x0000000080000b50                CP15ControlFeatureDisable
                0x0000000080000b64                CP15ControlFeatureEnable
                0x0000000080000b78                CP15TtbCtlTtb0Config
                0x0000000080000b88                CP15AuxControlFeatureEnable
                0x0000000080000b9c                CP15AuxControlFeatureDisable
                0x0000000080000bb0                CP15MainIdPrimPartNumGet
 .text          0x0000000080000bc8       0xf0 lib/Debug/libsystem_config.a(exceptionhandler.o)
                0x0000000080000bc8                SVC_Handler
                0x0000000080000bf0                IRQHandler
                0x0000000080000c9c                FIQHandler
                0x0000000080000ca0                UndefInstHandler
                0x0000000080000ca0                AbortHandler
 .text          0x0000000080000cb8      0x114 /usr/lib/gcc/arm-none-eabi/4.9.3//libgcc.a(_udivsi3.o)
                0x0000000080000cb8                __udivsi3
                0x0000000080000cb8                __aeabi_uidiv
                0x0000000080000dac                __aeabi_uidivmod
 .text          0x0000000080000dcc      0x148 /usr/lib/gcc/arm-none-eabi/4.9.3//libgcc.a(_divsi3.o)
                0x0000000080000dcc                __aeabi_idiv
                0x0000000080000dcc                __divsi3
                0x0000000080000ef4                __aeabi_idivmod
 .text          0x0000000080000f14        0x4 /usr/lib/gcc/arm-none-eabi/4.9.3//libgcc.a(_dvmd_tls.o)
                0x0000000080000f14                __aeabi_ldiv0
                0x0000000080000f14                __aeabi_idiv0
 *(.rodata*)
 .rodata.vecTbl
                0x0000000080000f18       0x38 lib/Debug/libsystem_config.a(startup.o)

.glue_7         0x0000000080000f50        0x0
 .glue_7        0x0000000080000f50        0x0 linker stubs

.glue_7t        0x0000000080000f50        0x0
 .glue_7t       0x0000000080000f50        0x0 linker stubs

.vfp11_veneer   0x0000000080000f50        0x0
 .vfp11_veneer  0x0000000080000f50        0x0 linker stubs

.v4_bx          0x0000000080000f50        0x0
 .v4_bx         0x0000000080000f50        0x0 linker stubs

.iplt           0x0000000080000f50        0x0
 .iplt          0x0000000080000f50        0x0 Debug/gpioClk.o

.rel.dyn        0x0000000080000f50        0x0
 .rel.iplt      0x0000000080000f50        0x0 Debug/gpioClk.o

.data           0x0000000080000f50        0x0
                0x0000000080000f50                . = ALIGN (0x4)
 *(.data*)

.igot.plt       0x0000000080000f50        0x0
 .igot.plt      0x0000000080000f50        0x0 Debug/gpioClk.o

.bss            0x0000000080000f50      0x204
                0x0000000080000f50                . = ALIGN (0x4)
                0x0000000080000f50                _bss_start = .
 *(.bss*)
 *(COMMON)
 COMMON         0x0000000080000f50        0x2 Debug/gpioClk.o
                0x0000000080000f50                moduleClk
                0x0000000080000f51                pin
 *fill*         0x0000000080000f52        0x2 
 COMMON         0x0000000080000f54      0x200 lib/Debug/libsystem_config.a(interrupt.o)
                0x0000000080000f54                fnRAMVectors
                0x0000000080001154                _bss_end = .

.heap           0x0000000080001154      0x800
                0x0000000080001154                . = ALIGN (0x4)
                0x0000000080001154                __end__ = .
                0x0000000080001154                end = __end__
                0x0000000080001154                __HeapBase = __end__
 *(.heap*)
                0x0000000080001954                . = (. + 0x800)
 *fill*         0x0000000080001154      0x800 
                0x0000000080001954                __HeapLimit = .

.stack          0x0000000080001954  0x7fffff8
                0x0000000080001954                . = ALIGN (0x4)
                0x0000000080001954                __StackLimit = .
 *(.stack*)
                0x000000008800194c                . = (. + 0x7fffff8)
 *fill*         0x0000000080001954  0x7fffff8 
                0x000000008800194c                __StackTop = .
                0x000000008800194c                _stack = __StackTop
OUTPUT(Debug/gpio_Button_Iago.out elf32-littlearm)

.debug_info     0x0000000000000000      0xf88
 .debug_info    0x0000000000000000      0x14e Debug/gpioClk.o
 .debug_info    0x000000000000014e      0x1f7 Debug/gpioFunctions.o
 .debug_info    0x0000000000000345      0x24f Debug/gpioLED.o
 .debug_info    0x0000000000000594      0x159 Debug/gpio_Button_Iago.o
 .debug_info    0x00000000000006ed       0x9f lib/Debug/libsystem_config.a(init.o)
 .debug_info    0x000000000000078c       0xd2 lib/Debug/libsystem_config.a(startup.o)
 .debug_info    0x000000000000085e       0x9f lib/Debug/libsystem_config.a(cp15.o)
 .debug_info    0x00000000000008fd       0xb2 lib/Debug/libsystem_config.a(exceptionhandler.o)
 .debug_info    0x00000000000009af      0x3cf lib/Debug/libsystem_config.a(interrupt.o)
 .debug_info    0x0000000000000d7e       0xae /usr/lib/gcc/arm-none-eabi/4.9.3//libgcc.a(_udivsi3.o)
 .debug_info    0x0000000000000e2c       0xae /usr/lib/gcc/arm-none-eabi/4.9.3//libgcc.a(_divsi3.o)
 .debug_info    0x0000000000000eda       0xae /usr/lib/gcc/arm-none-eabi/4.9.3//libgcc.a(_dvmd_tls.o)

.debug_abbrev   0x0000000000000000      0x581
 .debug_abbrev  0x0000000000000000       0x80 Debug/gpioClk.o
 .debug_abbrev  0x0000000000000080      0x100 Debug/gpioFunctions.o
 .debug_abbrev  0x0000000000000180       0x9c Debug/gpioLED.o
 .debug_abbrev  0x000000000000021c       0x8b Debug/gpio_Button_Iago.o
 .debug_abbrev  0x00000000000002a7       0x14 lib/Debug/libsystem_config.a(init.o)
 .debug_abbrev  0x00000000000002bb       0xa2 lib/Debug/libsystem_config.a(startup.o)
 .debug_abbrev  0x000000000000035d       0x14 lib/Debug/libsystem_config.a(cp15.o)
 .debug_abbrev  0x0000000000000371       0x14 lib/Debug/libsystem_config.a(exceptionhandler.o)
 .debug_abbrev  0x0000000000000385      0x1c0 lib/Debug/libsystem_config.a(interrupt.o)
 .debug_abbrev  0x0000000000000545       0x14 /usr/lib/gcc/arm-none-eabi/4.9.3//libgcc.a(_udivsi3.o)
 .debug_abbrev  0x0000000000000559       0x14 /usr/lib/gcc/arm-none-eabi/4.9.3//libgcc.a(_divsi3.o)
 .debug_abbrev  0x000000000000056d       0x14 /usr/lib/gcc/arm-none-eabi/4.9.3//libgcc.a(_dvmd_tls.o)

.debug_aranges  0x0000000000000000      0x2a8
 .debug_aranges
                0x0000000000000000       0x20 Debug/gpioClk.o
 .debug_aranges
                0x0000000000000020       0x30 Debug/gpioFunctions.o
 .debug_aranges
                0x0000000000000050       0x40 Debug/gpioLED.o
 .debug_aranges
                0x0000000000000090       0x20 Debug/gpio_Button_Iago.o
 .debug_aranges
                0x00000000000000b0       0x20 lib/Debug/libsystem_config.a(init.o)
 .debug_aranges
                0x00000000000000d0       0x28 lib/Debug/libsystem_config.a(startup.o)
 .debug_aranges
                0x00000000000000f8       0x20 lib/Debug/libsystem_config.a(cp15.o)
 .debug_aranges
                0x0000000000000118       0x20 lib/Debug/libsystem_config.a(exceptionhandler.o)
 .debug_aranges
                0x0000000000000138      0x110 lib/Debug/libsystem_config.a(interrupt.o)
 .debug_aranges
                0x0000000000000248       0x20 /usr/lib/gcc/arm-none-eabi/4.9.3//libgcc.a(_udivsi3.o)
 .debug_aranges
                0x0000000000000268       0x20 /usr/lib/gcc/arm-none-eabi/4.9.3//libgcc.a(_divsi3.o)
 .debug_aranges
                0x0000000000000288       0x20 /usr/lib/gcc/arm-none-eabi/4.9.3//libgcc.a(_dvmd_tls.o)

.debug_ranges   0x0000000000000000      0x188
 .debug_ranges  0x0000000000000000       0x10 Debug/gpioClk.o
 .debug_ranges  0x0000000000000010       0x20 Debug/gpioFunctions.o
 .debug_ranges  0x0000000000000030       0x30 Debug/gpioLED.o
 .debug_ranges  0x0000000000000060       0x10 Debug/gpio_Button_Iago.o
 .debug_ranges  0x0000000000000070       0x18 lib/Debug/libsystem_config.a(startup.o)
 .debug_ranges  0x0000000000000088      0x100 lib/Debug/libsystem_config.a(interrupt.o)

.debug_line     0x0000000000000000      0x95b
 .debug_line    0x0000000000000000       0x51 Debug/gpioClk.o
 .debug_line    0x0000000000000051       0xa8 Debug/gpioFunctions.o
 .debug_line    0x00000000000000f9       0xa2 Debug/gpioLED.o
 .debug_line    0x000000000000019b       0x5e Debug/gpio_Button_Iago.o
 .debug_line    0x00000000000001f9       0x8d lib/Debug/libsystem_config.a(init.o)
 .debug_line    0x0000000000000286       0x90 lib/Debug/libsystem_config.a(startup.o)
 .debug_line    0x0000000000000316      0x184 lib/Debug/libsystem_config.a(cp15.o)
 .debug_line    0x000000000000049a       0xb3 lib/Debug/libsystem_config.a(exceptionhandler.o)
 .debug_line    0x000000000000054d      0x2b7 lib/Debug/libsystem_config.a(interrupt.o)
 .debug_line    0x0000000000000804       0x78 /usr/lib/gcc/arm-none-eabi/4.9.3//libgcc.a(_udivsi3.o)
 .debug_line    0x000000000000087c       0x84 /usr/lib/gcc/arm-none-eabi/4.9.3//libgcc.a(_divsi3.o)
 .debug_line    0x0000000000000900       0x5b /usr/lib/gcc/arm-none-eabi/4.9.3//libgcc.a(_dvmd_tls.o)

.debug_str      0x0000000000000000      0x7e7
 .debug_str     0x0000000000000000      0x27f Debug/gpioClk.o
 .debug_str     0x000000000000027f       0x59 Debug/gpioFunctions.o
                                        0x2b4 (size before relaxing)
 .debug_str     0x00000000000002d8       0xa6 Debug/gpioLED.o
                                        0x301 (size before relaxing)
 .debug_str     0x000000000000037e       0x1c Debug/gpio_Button_Iago.o
                                        0x277 (size before relaxing)
 .debug_str     0x000000000000039a      0x192 lib/Debug/libsystem_config.a(startup.o)
                                        0x1bc (size before relaxing)
 .debug_str     0x000000000000052c      0x2bb lib/Debug/libsystem_config.a(interrupt.o)
                                        0x407 (size before relaxing)

.comment        0x0000000000000000       0xa6
 .comment       0x0000000000000000       0x38 Debug/gpioClk.o
                                         0x39 (size before relaxing)
 .comment       0x0000000000000038       0x39 Debug/gpioFunctions.o
 .comment       0x0000000000000038       0x39 Debug/gpioLED.o
 .comment       0x0000000000000038       0x39 Debug/gpio_Button_Iago.o
 .comment       0x0000000000000038       0x6e lib/Debug/libsystem_config.a(startup.o)
                                         0x6f (size before relaxing)
 .comment       0x00000000000000a6       0x6f lib/Debug/libsystem_config.a(interrupt.o)

.ARM.attributes
                0x0000000000000000       0x39
 .ARM.attributes
                0x0000000000000000       0x37 Debug/gpioClk.o
 .ARM.attributes
                0x0000000000000037       0x37 Debug/gpioFunctions.o
 .ARM.attributes
                0x000000000000006e       0x37 Debug/gpioLED.o
 .ARM.attributes
                0x00000000000000a5       0x37 Debug/gpio_Button_Iago.o
 .ARM.attributes
                0x00000000000000dc       0x29 lib/Debug/libsystem_config.a(init.o)
 .ARM.attributes
                0x0000000000000105       0x3b lib/Debug/libsystem_config.a(startup.o)
 .ARM.attributes
                0x0000000000000140       0x29 lib/Debug/libsystem_config.a(cp15.o)
 .ARM.attributes
                0x0000000000000169       0x29 lib/Debug/libsystem_config.a(exceptionhandler.o)
 .ARM.attributes
                0x0000000000000192       0x3b lib/Debug/libsystem_config.a(interrupt.o)
 .ARM.attributes
                0x00000000000001cd       0x18 /usr/lib/gcc/arm-none-eabi/4.9.3//libgcc.a(_udivsi3.o)
 .ARM.attributes
                0x00000000000001e5       0x18 /usr/lib/gcc/arm-none-eabi/4.9.3//libgcc.a(_divsi3.o)
 .ARM.attributes
                0x00000000000001fd       0x18 /usr/lib/gcc/arm-none-eabi/4.9.3//libgcc.a(_dvmd_tls.o)

.debug_frame    0x0000000000000000      0x5e8
 .debug_frame   0x0000000000000000       0x30 Debug/gpioClk.o
 .debug_frame   0x0000000000000030       0x74 Debug/gpioFunctions.o
 .debug_frame   0x00000000000000a4       0xb0 Debug/gpioLED.o
 .debug_frame   0x0000000000000154       0x2c Debug/gpio_Button_Iago.o
 .debug_frame   0x0000000000000180       0x4c lib/Debug/libsystem_config.a(startup.o)
 .debug_frame   0x00000000000001cc      0x3dc lib/Debug/libsystem_config.a(interrupt.o)
 .debug_frame   0x00000000000005a8       0x20 /usr/lib/gcc/arm-none-eabi/4.9.3//libgcc.a(_udivsi3.o)
 .debug_frame   0x00000000000005c8       0x20 /usr/lib/gcc/arm-none-eabi/4.9.3//libgcc.a(_divsi3.o)
