Archive member included to satisfy reference by file (symbol)

lib/Debug/libsystem_config.a(init.o)
                              (Entry)
lib/Debug/libsystem_config.a(startup.o)
                              lib/Debug/libsystem_config.a(init.o) (start_boot)
lib/Debug/libsystem_config.a(cp15.o)
                              lib/Debug/libsystem_config.a(startup.o) (CP15VectorBaseAddrSet)
lib/Debug/libsystem_config.a(exceptionhandler.o)
                              lib/Debug/libsystem_config.a(startup.o) (IRQHandler)
lib/Debug/libsystem_config.a(interrupt.o)
                              lib/Debug/libsystem_config.a(exceptionhandler.o) (fnRAMVectors)
lib/Debug/libsystem_config.a(cpu.o)
                              lib/Debug/libsystem_config.a(exceptionhandler.o) (CPUAbortHandler)
/usr/lib/gcc/arm-none-eabi/4.9.3//libgcc.a(_udivsi3.o)
                              (__aeabi_uidiv)
/usr/lib/gcc/arm-none-eabi/4.9.3//libgcc.a(_divsi3.o)
                              (__aeabi_idiv)
/usr/lib/gcc/arm-none-eabi/4.9.3//libgcc.a(_dvmd_tls.o)
                              /usr/lib/gcc/arm-none-eabi/4.9.3//libgcc.a(_udivsi3.o) (__aeabi_idiv0)

Allocating common symbols
Common symbol       size              file

moduleClk           0x1               Debug/gpioClk.o
fnRAMVectors        0x200             lib/Debug/libsystem_config.a(interrupt.o)
pin                 0x1               Debug/gpioClk.o

Discarded input sections

 .text          0x0000000000000000        0x0 Debug/gpioClk.o
 .data          0x0000000000000000        0x0 Debug/gpioClk.o
 .bss           0x0000000000000000        0x0 Debug/gpioClk.o
 COMMON         0x0000000000000000        0x2 Debug/gpioClk.o
 .text          0x0000000000000000        0x0 Debug/gpioFunctions.o
 .data          0x0000000000000000        0x0 Debug/gpioFunctions.o
 .bss           0x0000000000000000        0x0 Debug/gpioFunctions.o
 .text          0x0000000000000000        0x0 Debug/gpioLED.o
 .data          0x0000000000000000        0x0 Debug/gpioLED.o
 .bss           0x0000000000000000        0x0 Debug/gpioLED.o
 .bss.flagToggle
                0x0000000000000000        0x4 Debug/gpioLED.o
 .text.ledToggle
                0x0000000000000000      0x12c Debug/gpioLED.o
 .text          0x0000000000000000        0x0 Debug/gpioPinSelect.o
 .data          0x0000000000000000        0x0 Debug/gpioPinSelect.o
 .bss           0x0000000000000000        0x0 Debug/gpioPinSelect.o
 .text          0x0000000000000000        0x0 Debug/gpioRobert.o
 .data          0x0000000000000000        0x0 Debug/gpioRobert.o
 .bss           0x0000000000000000        0x0 Debug/gpioRobert.o
 .data          0x0000000000000000        0x0 lib/Debug/libsystem_config.a(init.o)
 .bss           0x0000000000000000        0x0 lib/Debug/libsystem_config.a(init.o)
 .text          0x0000000000000000        0x0 lib/Debug/libsystem_config.a(startup.o)
 .data          0x0000000000000000        0x0 lib/Debug/libsystem_config.a(startup.o)
 .bss           0x0000000000000000        0x0 lib/Debug/libsystem_config.a(startup.o)
 .rodata.AM335X_VECTOR_BASE
                0x0000000000000000        0x4 lib/Debug/libsystem_config.a(startup.o)
 .data          0x0000000000000000        0x0 lib/Debug/libsystem_config.a(cp15.o)
 .bss           0x0000000000000000        0x0 lib/Debug/libsystem_config.a(cp15.o)
 .data          0x0000000000000000        0x0 lib/Debug/libsystem_config.a(exceptionhandler.o)
 .bss           0x0000000000000000        0x0 lib/Debug/libsystem_config.a(exceptionhandler.o)
 .text          0x0000000000000000        0x0 lib/Debug/libsystem_config.a(interrupt.o)
 .data          0x0000000000000000        0x0 lib/Debug/libsystem_config.a(interrupt.o)
 .bss           0x0000000000000000        0x0 lib/Debug/libsystem_config.a(interrupt.o)
 .text.IntDefaultHandler
                0x0000000000000000       0x18 lib/Debug/libsystem_config.a(interrupt.o)
 .text.IntRegister
                0x0000000000000000       0x38 lib/Debug/libsystem_config.a(interrupt.o)
 .text.IntUnRegister
                0x0000000000000000       0x38 lib/Debug/libsystem_config.a(interrupt.o)
 .text.IntAINTCInit
                0x0000000000000000       0x94 lib/Debug/libsystem_config.a(interrupt.o)
 .text.IntPrioritySet
                0x0000000000000000       0x58 lib/Debug/libsystem_config.a(interrupt.o)
 .text.IntSystemEnable
                0x0000000000000000       0x54 lib/Debug/libsystem_config.a(interrupt.o)
 .text.IntSystemDisable
                0x0000000000000000       0x54 lib/Debug/libsystem_config.a(interrupt.o)
 .text.IntIfClkFreeRunSet
                0x0000000000000000       0x34 lib/Debug/libsystem_config.a(interrupt.o)
 .text.IntIfClkAutoGateSet
                0x0000000000000000       0x34 lib/Debug/libsystem_config.a(interrupt.o)
 .text.IntActiveIrqNumGet
                0x0000000000000000       0x28 lib/Debug/libsystem_config.a(interrupt.o)
 .text.IntSpurIrqFlagGet
                0x0000000000000000       0x2c lib/Debug/libsystem_config.a(interrupt.o)
 .text.IntProtectionEnable
                0x0000000000000000       0x28 lib/Debug/libsystem_config.a(interrupt.o)
 .text.IntProtectionDisable
                0x0000000000000000       0x34 lib/Debug/libsystem_config.a(interrupt.o)
 .text.IntSyncClkFreeRunSet
                0x0000000000000000       0x34 lib/Debug/libsystem_config.a(interrupt.o)
 .text.IntSyncClkAutoGateSet
                0x0000000000000000       0x34 lib/Debug/libsystem_config.a(interrupt.o)
 .text.IntFuncClkFreeRunSet
                0x0000000000000000       0x34 lib/Debug/libsystem_config.a(interrupt.o)
 .text.IntFuncClkAutoGateSet
                0x0000000000000000       0x34 lib/Debug/libsystem_config.a(interrupt.o)
 .text.IntCurrIrqPriorityGet
                0x0000000000000000       0x28 lib/Debug/libsystem_config.a(interrupt.o)
 .text.IntPriorityThresholdGet
                0x0000000000000000       0x28 lib/Debug/libsystem_config.a(interrupt.o)
 .text.IntPriorityThresholdSet
                0x0000000000000000       0x34 lib/Debug/libsystem_config.a(interrupt.o)
 .text.IntRawStatusGet
                0x0000000000000000       0x5c lib/Debug/libsystem_config.a(interrupt.o)
 .text.IntSoftwareIntSet
                0x0000000000000000       0x50 lib/Debug/libsystem_config.a(interrupt.o)
 .text.IntSoftwareIntClear
                0x0000000000000000       0x50 lib/Debug/libsystem_config.a(interrupt.o)
 .text.IntPendingIrqMaskedStatusGet
                0x0000000000000000       0x58 lib/Debug/libsystem_config.a(interrupt.o)
 .text.IntMasterIRQEnable
                0x0000000000000000       0x1c lib/Debug/libsystem_config.a(interrupt.o)
 .text.IntMasterIRQDisable
                0x0000000000000000       0x1c lib/Debug/libsystem_config.a(interrupt.o)
 .text.IntMasterFIQEnable
                0x0000000000000000       0x1c lib/Debug/libsystem_config.a(interrupt.o)
 .text.IntMasterFIQDisable
                0x0000000000000000       0x1c lib/Debug/libsystem_config.a(interrupt.o)
 .text.IntMasterStatusGet
                0x0000000000000000       0x20 lib/Debug/libsystem_config.a(interrupt.o)
 .text.IntDisable
                0x0000000000000000       0x3c lib/Debug/libsystem_config.a(interrupt.o)
 .text.IntEnable
                0x0000000000000000       0x38 lib/Debug/libsystem_config.a(interrupt.o)
 .text          0x0000000000000000        0x0 lib/Debug/libsystem_config.a(cpu.o)
 .data          0x0000000000000000        0x0 lib/Debug/libsystem_config.a(cpu.o)
 .bss           0x0000000000000000        0x0 lib/Debug/libsystem_config.a(cpu.o)
 .text.CPUSwitchToPrivilegedMode
                0x0000000000000000       0x1c lib/Debug/libsystem_config.a(cpu.o)
 .text.CPUSwitchToUserMode
                0x0000000000000000       0x28 lib/Debug/libsystem_config.a(cpu.o)
 .text.CPUAbortHandler
                0x0000000000000000       0x18 lib/Debug/libsystem_config.a(cpu.o)
 .text.CPUIntStatus
                0x0000000000000000       0x2c lib/Debug/libsystem_config.a(cpu.o)
 .text.CPUirqd  0x0000000000000000       0x28 lib/Debug/libsystem_config.a(cpu.o)
 .text.CPUirqe  0x0000000000000000       0x28 lib/Debug/libsystem_config.a(cpu.o)
 .text.CPUfiqd  0x0000000000000000       0x28 lib/Debug/libsystem_config.a(cpu.o)
 .text.CPUfiqe  0x0000000000000000       0x28 lib/Debug/libsystem_config.a(cpu.o)
 .debug_info    0x0000000000000000       0xcc lib/Debug/libsystem_config.a(cpu.o)
 .debug_abbrev  0x0000000000000000       0x62 lib/Debug/libsystem_config.a(cpu.o)
 .debug_aranges
                0x0000000000000000       0x58 lib/Debug/libsystem_config.a(cpu.o)
 .debug_ranges  0x0000000000000000       0x48 lib/Debug/libsystem_config.a(cpu.o)
 .debug_line    0x0000000000000000       0xd8 lib/Debug/libsystem_config.a(cpu.o)
 .debug_str     0x0000000000000000      0x1ce lib/Debug/libsystem_config.a(cpu.o)
 .comment       0x0000000000000000       0x6f lib/Debug/libsystem_config.a(cpu.o)
 .debug_frame   0x0000000000000000      0x110 lib/Debug/libsystem_config.a(cpu.o)
 .ARM.attributes
                0x0000000000000000       0x3b lib/Debug/libsystem_config.a(cpu.o)
 .data          0x0000000000000000        0x0 /usr/lib/gcc/arm-none-eabi/4.9.3//libgcc.a(_udivsi3.o)
 .bss           0x0000000000000000        0x0 /usr/lib/gcc/arm-none-eabi/4.9.3//libgcc.a(_udivsi3.o)
 .data          0x0000000000000000        0x0 /usr/lib/gcc/arm-none-eabi/4.9.3//libgcc.a(_divsi3.o)
 .bss           0x0000000000000000        0x0 /usr/lib/gcc/arm-none-eabi/4.9.3//libgcc.a(_divsi3.o)
 .data          0x0000000000000000        0x0 /usr/lib/gcc/arm-none-eabi/4.9.3//libgcc.a(_dvmd_tls.o)
 .bss           0x0000000000000000        0x0 /usr/lib/gcc/arm-none-eabi/4.9.3//libgcc.a(_dvmd_tls.o)

Memory Configuration

Name             Origin             Length             Attributes
DDR0             0x0000000080000000 0x0000000010000000
*default*        0x0000000000000000 0xffffffffffffffff

Linker script and memory map

LOAD Debug/gpioClk.o
LOAD Debug/gpioFunctions.o
LOAD Debug/gpioLED.o
LOAD Debug/gpioPinSelect.o
LOAD Debug/gpioRobert.o
LOAD lib/Debug/libsystem_config.a
LOAD /usr/lib/arm-none-eabi/lib//libc.a
LOAD /usr/lib/gcc/arm-none-eabi/4.9.3//libgcc.a
LOAD lib/Debug/libsystem_config.a

.startcode      0x0000000080000000       0xb4
                0x0000000080000000                . = ALIGN (0x4)
 *init.o(.text)
 .text          0x0000000080000000       0xb4 lib/Debug/libsystem_config.a(init.o)
                0x0000000080000000                Entry

.text           0x00000000800000b4     0x1edc
                0x00000000800000b4                . = ALIGN (0x4)
 *(.text*)
 .text.GPIO3_ModuleClkConfig
                0x00000000800000b4       0x4c Debug/gpioClk.o
                0x00000000800000b4                GPIO3_ModuleClkConfig
 .text.GPIO2_ModuleClkConfig
                0x0000000080000100       0x4c Debug/gpioClk.o
                0x0000000080000100                GPIO2_ModuleClkConfig
 .text.GPIO1_ModuleClkConfig
                0x000000008000014c       0x4c Debug/gpioClk.o
                0x000000008000014c                GPIO1_ModuleClkConfig
 .text.GPIO0_ModuleClkConfig
                0x0000000080000198       0x4c Debug/gpioClk.o
                0x0000000080000198                GPIO0_ModuleClkConfig
 .text.gpioModuleClk
                0x00000000800001e4       0x78 Debug/gpioClk.o
                0x00000000800001e4                gpioModuleClk
 .text.ledInit  0x000000008000025c      0x1c8 Debug/gpioFunctions.o
                0x000000008000025c                ledInit
 .text.modulo0  0x0000000080000424      0x258 Debug/gpioFunctions.o
                0x0000000080000424                modulo0
 .text.modulo1  0x000000008000067c      0x15c Debug/gpioFunctions.o
                0x000000008000067c                modulo1
 .text.modulo2  0x00000000800007d8      0x13c Debug/gpioFunctions.o
                0x00000000800007d8                modulo2
 .text.modulo3  0x0000000080000914      0x100 Debug/gpioFunctions.o
                0x0000000080000914                modulo3
 .text.Delay    0x0000000080000a14       0x38 Debug/gpioFunctions.o
                0x0000000080000a14                Delay
 .text.getValue
                0x0000000080000a4c       0xa8 Debug/gpioFunctions.o
                0x0000000080000a4c                getValue
 .text.GPIOPinMuxSetup
                0x0000000080000af4       0xb0 Debug/gpioLED.o
                0x0000000080000af4                GPIOPinMuxSetup
 .text.GPIOModuleEnable
                0x0000000080000ba4       0x3c Debug/gpioLED.o
                0x0000000080000ba4                GPIOModuleEnable
 .text.GPIOModuleReset
                0x0000000080000be0       0x3c Debug/gpioLED.o
                0x0000000080000be0                GPIOModuleReset
 .text.GPIODirModeSet
                0x0000000080000c1c       0x90 Debug/gpioLED.o
                0x0000000080000c1c                GPIODirModeSet
 .text.GPIOPinWrite
                0x0000000080000cac       0x6c Debug/gpioLED.o
                0x0000000080000cac                GPIOPinWrite
 .text.selectUART
                0x0000000080000d18      0x10c Debug/gpioPinSelect.o
                0x0000000080000d18                selectUART
 .text.selectCSN
                0x0000000080000e24       0x7c Debug/gpioPinSelect.o
                0x0000000080000e24                selectCSN
 .text.selectMII
                0x0000000080000ea0       0xc0 Debug/gpioPinSelect.o
                0x0000000080000ea0                selectMII
 .text.selectXDMA
                0x0000000080000f60       0x60 Debug/gpioPinSelect.o
                0x0000000080000f60                selectXDMA
 .text.selectMDIO
                0x0000000080000fc0       0x60 Debug/gpioPinSelect.o
                0x0000000080000fc0                selectMDIO
 .text.selectSPI0
                0x0000000080001020       0xb8 Debug/gpioPinSelect.o
                0x0000000080001020                selectSPI0
 .text.selectGPMC
                0x00000000800010d8       0xd0 Debug/gpioPinSelect.o
                0x00000000800010d8                selectGPMC
 .text.selectMII1RXD
                0x00000000800011a8       0x9c Debug/gpioPinSelect.o
                0x00000000800011a8                selectMII1RXD
 .text.selectLCD
                0x0000000080001244       0x9c Debug/gpioPinSelect.o
                0x0000000080001244                selectLCD
 .text.selectMMC0
                0x00000000800012e0       0xd4 Debug/gpioPinSelect.o
                0x00000000800012e0                selectMMC0
 .text.selectMII1
                0x00000000800013b4       0xfc Debug/gpioPinSelect.o
                0x00000000800013b4                selectMII1
 .text.selectI2C0
                0x00000000800014b0       0x60 Debug/gpioPinSelect.o
                0x00000000800014b0                selectI2C0
 .text.selectMCASPO
                0x0000000080001510      0x10c Debug/gpioPinSelect.o
                0x0000000080001510                selectMCASPO
 .text.main     0x000000008000161c       0xac Debug/gpioRobert.o
                0x000000008000161c                main
 .text.start_boot
                0x00000000800016c8       0x24 lib/Debug/libsystem_config.a(startup.o)
                0x00000000800016c8                start_boot
 .text.CopyVectorTable
                0x00000000800016ec       0x94 lib/Debug/libsystem_config.a(startup.o)
 .text          0x0000000080001780      0x488 lib/Debug/libsystem_config.a(cp15.o)
                0x0000000080001780                CP15ICacheDisable
                0x000000008000179c                CP15DCacheDisable
                0x00000000800017b8                CP15ICacheEnable
                0x00000000800017c8                CP15DCacheEnable
                0x00000000800017d8                CP15DCacheFlush
                0x000000008000186c                CP15DCacheClean
                0x0000000080001900                CP15DCacheCleanFlush
                0x0000000080001994                CP15ICacheFlush
                0x00000000800019a4                CP15DCacheCleanBuff
                0x00000000800019f8                CP15DCacheCleanFlushBuff
                0x0000000080001a4c                CP15DCacheFlushBuff
                0x0000000080001ab0                CP15ICacheFlushBuff
                0x0000000080001b04                CP15Ttb0Set
                0x0000000080001b10                CP15TlbInvalidate
                0x0000000080001b1c                CP15MMUDisable
                0x0000000080001b34                CP15MMUEnable
                0x0000000080001b48                CP15VectorBaseAddrSet
                0x0000000080001b54                CP15BranchPredictorInvalidate
                0x0000000080001b60                CP15BranchPredictionEnable
                0x0000000080001b70                CP15BranchPredictionDisable
                0x0000000080001b80                CP15DomainAccessClientSet
                0x0000000080001b90                CP15ControlFeatureDisable
                0x0000000080001ba4                CP15ControlFeatureEnable
                0x0000000080001bb8                CP15TtbCtlTtb0Config
                0x0000000080001bc8                CP15AuxControlFeatureEnable
                0x0000000080001bdc                CP15AuxControlFeatureDisable
                0x0000000080001bf0                CP15MainIdPrimPartNumGet
 .text          0x0000000080001c08       0xf0 lib/Debug/libsystem_config.a(exceptionhandler.o)
                0x0000000080001c08                SVC_Handler
                0x0000000080001c30                IRQHandler
                0x0000000080001cdc                FIQHandler
                0x0000000080001ce0                UndefInstHandler
                0x0000000080001ce0                AbortHandler
 .text          0x0000000080001cf8      0x114 /usr/lib/gcc/arm-none-eabi/4.9.3//libgcc.a(_udivsi3.o)
                0x0000000080001cf8                __udivsi3
                0x0000000080001cf8                __aeabi_uidiv
                0x0000000080001dec                __aeabi_uidivmod
 .text          0x0000000080001e0c      0x148 /usr/lib/gcc/arm-none-eabi/4.9.3//libgcc.a(_divsi3.o)
                0x0000000080001e0c                __aeabi_idiv
                0x0000000080001e0c                __divsi3
                0x0000000080001f34                __aeabi_idivmod
 .text          0x0000000080001f54        0x4 /usr/lib/gcc/arm-none-eabi/4.9.3//libgcc.a(_dvmd_tls.o)
                0x0000000080001f54                __aeabi_ldiv0
                0x0000000080001f54                __aeabi_idiv0
 *(.rodata*)
 .rodata.vecTbl
                0x0000000080001f58       0x38 lib/Debug/libsystem_config.a(startup.o)

.glue_7         0x0000000080001f90        0x0
 .glue_7        0x0000000080001f90        0x0 linker stubs

.glue_7t        0x0000000080001f90        0x0
 .glue_7t       0x0000000080001f90        0x0 linker stubs

.vfp11_veneer   0x0000000080001f90        0x0
 .vfp11_veneer  0x0000000080001f90        0x0 linker stubs

.v4_bx          0x0000000080001f90        0x0
 .v4_bx         0x0000000080001f90        0x0 linker stubs

.iplt           0x0000000080001f90        0x0
 .iplt          0x0000000080001f90        0x0 Debug/gpioClk.o

.rel.dyn        0x0000000080001f90        0x0
 .rel.iplt      0x0000000080001f90        0x0 Debug/gpioClk.o

.data           0x0000000080001f90        0x0
                0x0000000080001f90                . = ALIGN (0x4)
 *(.data*)

.igot.plt       0x0000000080001f90        0x0
 .igot.plt      0x0000000080001f90        0x0 Debug/gpioClk.o

.bss            0x0000000080001f90      0x200
                0x0000000080001f90                . = ALIGN (0x4)
                0x0000000080001f90                _bss_start = .
 *(.bss*)
 *(COMMON)
 COMMON         0x0000000080001f90      0x200 lib/Debug/libsystem_config.a(interrupt.o)
                0x0000000080001f90                fnRAMVectors
                0x0000000080002190                _bss_end = .

.heap           0x0000000080002190      0x800
                0x0000000080002190                . = ALIGN (0x4)
                0x0000000080002190                __end__ = .
                0x0000000080002190                end = __end__
                0x0000000080002190                __HeapBase = __end__
 *(.heap*)
                0x0000000080002990                . = (. + 0x800)
 *fill*         0x0000000080002190      0x800 
                0x0000000080002990                __HeapLimit = .

.stack          0x0000000080002990  0x7fffff8
                0x0000000080002990                . = ALIGN (0x4)
                0x0000000080002990                __StackLimit = .
 *(.stack*)
                0x0000000088002988                . = (. + 0x7fffff8)
 *fill*         0x0000000080002990  0x7fffff8 
                0x0000000088002988                __StackTop = .
                0x0000000088002988                _stack = __StackTop
OUTPUT(Debug/gpioRobert.out elf32-littlearm)

.debug_info     0x0000000000000000     0x1456
 .debug_info    0x0000000000000000      0x1be Debug/gpioClk.o
 .debug_info    0x00000000000001be      0x2d1 Debug/gpioFunctions.o
 .debug_info    0x000000000000048f      0x293 Debug/gpioLED.o
 .debug_info    0x0000000000000722      0x32e Debug/gpioPinSelect.o
 .debug_info    0x0000000000000a50      0x16b Debug/gpioRobert.o
 .debug_info    0x0000000000000bbb       0x9f lib/Debug/libsystem_config.a(init.o)
 .debug_info    0x0000000000000c5a       0xd2 lib/Debug/libsystem_config.a(startup.o)
 .debug_info    0x0000000000000d2c       0x9f lib/Debug/libsystem_config.a(cp15.o)
 .debug_info    0x0000000000000dcb       0xb2 lib/Debug/libsystem_config.a(exceptionhandler.o)
 .debug_info    0x0000000000000e7d      0x3cf lib/Debug/libsystem_config.a(interrupt.o)
 .debug_info    0x000000000000124c       0xae /usr/lib/gcc/arm-none-eabi/4.9.3//libgcc.a(_udivsi3.o)
 .debug_info    0x00000000000012fa       0xae /usr/lib/gcc/arm-none-eabi/4.9.3//libgcc.a(_divsi3.o)
 .debug_info    0x00000000000013a8       0xae /usr/lib/gcc/arm-none-eabi/4.9.3//libgcc.a(_dvmd_tls.o)

.debug_abbrev   0x0000000000000000      0x694
 .debug_abbrev  0x0000000000000000       0xb4 Debug/gpioClk.o
 .debug_abbrev  0x00000000000000b4      0x100 Debug/gpioFunctions.o
 .debug_abbrev  0x00000000000001b4       0xb6 Debug/gpioLED.o
 .debug_abbrev  0x000000000000026a       0xc5 Debug/gpioPinSelect.o
 .debug_abbrev  0x000000000000032f       0x8b Debug/gpioRobert.o
 .debug_abbrev  0x00000000000003ba       0x14 lib/Debug/libsystem_config.a(init.o)
 .debug_abbrev  0x00000000000003ce       0xa2 lib/Debug/libsystem_config.a(startup.o)
 .debug_abbrev  0x0000000000000470       0x14 lib/Debug/libsystem_config.a(cp15.o)
 .debug_abbrev  0x0000000000000484       0x14 lib/Debug/libsystem_config.a(exceptionhandler.o)
 .debug_abbrev  0x0000000000000498      0x1c0 lib/Debug/libsystem_config.a(interrupt.o)
 .debug_abbrev  0x0000000000000658       0x14 /usr/lib/gcc/arm-none-eabi/4.9.3//libgcc.a(_udivsi3.o)
 .debug_abbrev  0x000000000000066c       0x14 /usr/lib/gcc/arm-none-eabi/4.9.3//libgcc.a(_divsi3.o)
 .debug_abbrev  0x0000000000000680       0x14 /usr/lib/gcc/arm-none-eabi/4.9.3//libgcc.a(_dvmd_tls.o)

.debug_aranges  0x0000000000000000      0x370
 .debug_aranges
                0x0000000000000000       0x40 Debug/gpioClk.o
 .debug_aranges
                0x0000000000000040       0x50 Debug/gpioFunctions.o
 .debug_aranges
                0x0000000000000090       0x48 Debug/gpioLED.o
 .debug_aranges
                0x00000000000000d8       0x80 Debug/gpioPinSelect.o
 .debug_aranges
                0x0000000000000158       0x20 Debug/gpioRobert.o
 .debug_aranges
                0x0000000000000178       0x20 lib/Debug/libsystem_config.a(init.o)
 .debug_aranges
                0x0000000000000198       0x28 lib/Debug/libsystem_config.a(startup.o)
 .debug_aranges
                0x00000000000001c0       0x20 lib/Debug/libsystem_config.a(cp15.o)
 .debug_aranges
                0x00000000000001e0       0x20 lib/Debug/libsystem_config.a(exceptionhandler.o)
 .debug_aranges
                0x0000000000000200      0x110 lib/Debug/libsystem_config.a(interrupt.o)
 .debug_aranges
                0x0000000000000310       0x20 /usr/lib/gcc/arm-none-eabi/4.9.3//libgcc.a(_udivsi3.o)
 .debug_aranges
                0x0000000000000330       0x20 /usr/lib/gcc/arm-none-eabi/4.9.3//libgcc.a(_divsi3.o)
 .debug_aranges
                0x0000000000000350       0x20 /usr/lib/gcc/arm-none-eabi/4.9.3//libgcc.a(_dvmd_tls.o)

.debug_ranges   0x0000000000000000      0x240
 .debug_ranges  0x0000000000000000       0x30 Debug/gpioClk.o
 .debug_ranges  0x0000000000000030       0x40 Debug/gpioFunctions.o
 .debug_ranges  0x0000000000000070       0x38 Debug/gpioLED.o
 .debug_ranges  0x00000000000000a8       0x70 Debug/gpioPinSelect.o
 .debug_ranges  0x0000000000000118       0x10 Debug/gpioRobert.o
 .debug_ranges  0x0000000000000128       0x18 lib/Debug/libsystem_config.a(startup.o)
 .debug_ranges  0x0000000000000140      0x100 lib/Debug/libsystem_config.a(interrupt.o)

.debug_line     0x0000000000000000      0xce6
 .debug_line    0x0000000000000000       0xa0 Debug/gpioClk.o
 .debug_line    0x00000000000000a0      0x1da Debug/gpioFunctions.o
 .debug_line    0x000000000000027a      0x101 Debug/gpioLED.o
 .debug_line    0x000000000000037b      0x1b0 Debug/gpioPinSelect.o
 .debug_line    0x000000000000052b       0x59 Debug/gpioRobert.o
 .debug_line    0x0000000000000584       0x8d lib/Debug/libsystem_config.a(init.o)
 .debug_line    0x0000000000000611       0x90 lib/Debug/libsystem_config.a(startup.o)
 .debug_line    0x00000000000006a1      0x184 lib/Debug/libsystem_config.a(cp15.o)
 .debug_line    0x0000000000000825       0xb3 lib/Debug/libsystem_config.a(exceptionhandler.o)
 .debug_line    0x00000000000008d8      0x2b7 lib/Debug/libsystem_config.a(interrupt.o)
 .debug_line    0x0000000000000b8f       0x78 /usr/lib/gcc/arm-none-eabi/4.9.3//libgcc.a(_udivsi3.o)
 .debug_line    0x0000000000000c07       0x84 /usr/lib/gcc/arm-none-eabi/4.9.3//libgcc.a(_divsi3.o)
 .debug_line    0x0000000000000c8b       0x5b /usr/lib/gcc/arm-none-eabi/4.9.3//libgcc.a(_dvmd_tls.o)

.debug_str      0x0000000000000000      0x8e1
 .debug_str     0x0000000000000000      0x2ab Debug/gpioClk.o
 .debug_str     0x00000000000002ab       0x7e Debug/gpioFunctions.o
                                        0x2bb (size before relaxing)
 .debug_str     0x0000000000000329       0xb0 Debug/gpioLED.o
                                        0x2f8 (size before relaxing)
 .debug_str     0x00000000000003d9       0xa5 Debug/gpioPinSelect.o
                                        0x2e2 (size before relaxing)
 .debug_str     0x000000000000047e       0x16 Debug/gpioRobert.o
                                        0x24d (size before relaxing)
 .debug_str     0x0000000000000494      0x192 lib/Debug/libsystem_config.a(startup.o)
                                        0x1bc (size before relaxing)
 .debug_str     0x0000000000000626      0x2bb lib/Debug/libsystem_config.a(interrupt.o)
                                        0x407 (size before relaxing)

.comment        0x0000000000000000       0xa6
 .comment       0x0000000000000000       0x38 Debug/gpioClk.o
                                         0x39 (size before relaxing)
 .comment       0x0000000000000038       0x39 Debug/gpioFunctions.o
 .comment       0x0000000000000038       0x39 Debug/gpioLED.o
 .comment       0x0000000000000038       0x39 Debug/gpioPinSelect.o
 .comment       0x0000000000000038       0x39 Debug/gpioRobert.o
 .comment       0x0000000000000038       0x6e lib/Debug/libsystem_config.a(startup.o)
                                         0x6f (size before relaxing)
 .comment       0x00000000000000a6       0x6f lib/Debug/libsystem_config.a(interrupt.o)

.ARM.attributes
                0x0000000000000000       0x39
 .ARM.attributes
                0x0000000000000000       0x37 Debug/gpioClk.o
 .ARM.attributes
                0x0000000000000037       0x37 Debug/gpioFunctions.o
 .ARM.attributes
                0x000000000000006e       0x37 Debug/gpioLED.o
 .ARM.attributes
                0x00000000000000a5       0x37 Debug/gpioPinSelect.o
 .ARM.attributes
                0x00000000000000dc       0x37 Debug/gpioRobert.o
 .ARM.attributes
                0x0000000000000113       0x29 lib/Debug/libsystem_config.a(init.o)
 .ARM.attributes
                0x000000000000013c       0x3b lib/Debug/libsystem_config.a(startup.o)
 .ARM.attributes
                0x0000000000000177       0x29 lib/Debug/libsystem_config.a(cp15.o)
 .ARM.attributes
                0x00000000000001a0       0x29 lib/Debug/libsystem_config.a(exceptionhandler.o)
 .ARM.attributes
                0x00000000000001c9       0x3b lib/Debug/libsystem_config.a(interrupt.o)
 .ARM.attributes
                0x0000000000000204       0x18 /usr/lib/gcc/arm-none-eabi/4.9.3//libgcc.a(_udivsi3.o)
 .ARM.attributes
                0x000000000000021c       0x18 /usr/lib/gcc/arm-none-eabi/4.9.3//libgcc.a(_divsi3.o)
 .ARM.attributes
                0x0000000000000234       0x18 /usr/lib/gcc/arm-none-eabi/4.9.3//libgcc.a(_dvmd_tls.o)

.debug_frame    0x0000000000000000      0x8b8
 .debug_frame   0x0000000000000000       0xb0 Debug/gpioClk.o
 .debug_frame   0x00000000000000b0       0xf4 Debug/gpioFunctions.o
 .debug_frame   0x00000000000001a4       0xd0 Debug/gpioLED.o
 .debug_frame   0x0000000000000274      0x1b0 Debug/gpioPinSelect.o
 .debug_frame   0x0000000000000424       0x2c Debug/gpioRobert.o
 .debug_frame   0x0000000000000450       0x4c lib/Debug/libsystem_config.a(startup.o)
 .debug_frame   0x000000000000049c      0x3dc lib/Debug/libsystem_config.a(interrupt.o)
 .debug_frame   0x0000000000000878       0x20 /usr/lib/gcc/arm-none-eabi/4.9.3//libgcc.a(_udivsi3.o)
 .debug_frame   0x0000000000000898       0x20 /usr/lib/gcc/arm-none-eabi/4.9.3//libgcc.a(_divsi3.o)
