Archive member included to satisfy reference by file (symbol)

lib/Debug/libsystem_config.a(init.o)
                              (Entry)
lib/Debug/libsystem_config.a(startup.o)
                              lib/Debug/libsystem_config.a(init.o) (start_boot)
lib/Debug/libsystem_config.a(cp15.o)
                              lib/Debug/libsystem_config.a(startup.o) (CP15VectorBaseAddrSet)
lib/Debug/libsystem_config.a(exceptionhandler.o)
                              lib/Debug/libsystem_config.a(startup.o) (IRQHandler)
lib/Debug/libsystem_config.a(interrupt.o)
                              lib/Debug/libsystem_config.a(exceptionhandler.o) (fnRAMVectors)
lib/Debug/libsystem_config.a(cpu.o)
                              lib/Debug/libsystem_config.a(exceptionhandler.o) (CPUAbortHandler)
/usr/lib/gcc/arm-none-eabi/4.9.3//libgcc.a(_udivsi3.o)
                              (__aeabi_uidiv)
/usr/lib/gcc/arm-none-eabi/4.9.3//libgcc.a(_divsi3.o)
                              (__aeabi_idiv)
/usr/lib/gcc/arm-none-eabi/4.9.3//libgcc.a(_dvmd_tls.o)
                              /usr/lib/gcc/arm-none-eabi/4.9.3//libgcc.a(_udivsi3.o) (__aeabi_idiv0)

Allocating common symbols
Common symbol       size              file

moduleClk           0x1               Debug/gpioClk.o
fnRAMVectors        0x200             lib/Debug/libsystem_config.a(interrupt.o)
pin                 0x1               Debug/gpioClk.o

Discarded input sections

 .text          0x0000000000000000        0x0 Debug/gpioClk.o
 .data          0x0000000000000000        0x0 Debug/gpioClk.o
 .bss           0x0000000000000000        0x0 Debug/gpioClk.o
 .text.GPIO1_ModuleClkConfig
                0x0000000000000000       0x4c Debug/gpioClk.o
 COMMON         0x0000000000000000        0x2 Debug/gpioClk.o
 .text          0x0000000000000000        0x0 Debug/gpioFunctions.o
 .data          0x0000000000000000        0x0 Debug/gpioFunctions.o
 .bss           0x0000000000000000        0x0 Debug/gpioFunctions.o
 .text.modulo1  0x0000000000000000      0x15c Debug/gpioFunctions.o
 .text          0x0000000000000000        0x0 Debug/gpioLED.o
 .data          0x0000000000000000        0x0 Debug/gpioLED.o
 .bss           0x0000000000000000        0x0 Debug/gpioLED.o
 .bss.flagToggle
                0x0000000000000000        0x4 Debug/gpioLED.o
 .text.ledToggle
                0x0000000000000000      0x12c Debug/gpioLED.o
 .text          0x0000000000000000        0x0 Debug/gpio_Button_Iago.o
 .data          0x0000000000000000        0x0 Debug/gpio_Button_Iago.o
 .bss           0x0000000000000000        0x0 Debug/gpio_Button_Iago.o
 .data          0x0000000000000000        0x0 lib/Debug/libsystem_config.a(init.o)
 .bss           0x0000000000000000        0x0 lib/Debug/libsystem_config.a(init.o)
 .text          0x0000000000000000        0x0 lib/Debug/libsystem_config.a(startup.o)
 .data          0x0000000000000000        0x0 lib/Debug/libsystem_config.a(startup.o)
 .bss           0x0000000000000000        0x0 lib/Debug/libsystem_config.a(startup.o)
 .rodata.AM335X_VECTOR_BASE
                0x0000000000000000        0x4 lib/Debug/libsystem_config.a(startup.o)
 .data          0x0000000000000000        0x0 lib/Debug/libsystem_config.a(cp15.o)
 .bss           0x0000000000000000        0x0 lib/Debug/libsystem_config.a(cp15.o)
 .data          0x0000000000000000        0x0 lib/Debug/libsystem_config.a(exceptionhandler.o)
 .bss           0x0000000000000000        0x0 lib/Debug/libsystem_config.a(exceptionhandler.o)
 .text          0x0000000000000000        0x0 lib/Debug/libsystem_config.a(interrupt.o)
 .data          0x0000000000000000        0x0 lib/Debug/libsystem_config.a(interrupt.o)
 .bss           0x0000000000000000        0x0 lib/Debug/libsystem_config.a(interrupt.o)
 .text.IntDefaultHandler
                0x0000000000000000       0x18 lib/Debug/libsystem_config.a(interrupt.o)
 .text.IntRegister
                0x0000000000000000       0x38 lib/Debug/libsystem_config.a(interrupt.o)
 .text.IntUnRegister
                0x0000000000000000       0x38 lib/Debug/libsystem_config.a(interrupt.o)
 .text.IntAINTCInit
                0x0000000000000000       0x94 lib/Debug/libsystem_config.a(interrupt.o)
 .text.IntPrioritySet
                0x0000000000000000       0x58 lib/Debug/libsystem_config.a(interrupt.o)
 .text.IntSystemEnable
                0x0000000000000000       0x54 lib/Debug/libsystem_config.a(interrupt.o)
 .text.IntSystemDisable
                0x0000000000000000       0x54 lib/Debug/libsystem_config.a(interrupt.o)
 .text.IntIfClkFreeRunSet
                0x0000000000000000       0x34 lib/Debug/libsystem_config.a(interrupt.o)
 .text.IntIfClkAutoGateSet
                0x0000000000000000       0x34 lib/Debug/libsystem_config.a(interrupt.o)
 .text.IntActiveIrqNumGet
                0x0000000000000000       0x28 lib/Debug/libsystem_config.a(interrupt.o)
 .text.IntSpurIrqFlagGet
                0x0000000000000000       0x2c lib/Debug/libsystem_config.a(interrupt.o)
 .text.IntProtectionEnable
                0x0000000000000000       0x28 lib/Debug/libsystem_config.a(interrupt.o)
 .text.IntProtectionDisable
                0x0000000000000000       0x34 lib/Debug/libsystem_config.a(interrupt.o)
 .text.IntSyncClkFreeRunSet
                0x0000000000000000       0x34 lib/Debug/libsystem_config.a(interrupt.o)
 .text.IntSyncClkAutoGateSet
                0x0000000000000000       0x34 lib/Debug/libsystem_config.a(interrupt.o)
 .text.IntFuncClkFreeRunSet
                0x0000000000000000       0x34 lib/Debug/libsystem_config.a(interrupt.o)
 .text.IntFuncClkAutoGateSet
                0x0000000000000000       0x34 lib/Debug/libsystem_config.a(interrupt.o)
 .text.IntCurrIrqPriorityGet
                0x0000000000000000       0x28 lib/Debug/libsystem_config.a(interrupt.o)
 .text.IntPriorityThresholdGet
                0x0000000000000000       0x28 lib/Debug/libsystem_config.a(interrupt.o)
 .text.IntPriorityThresholdSet
                0x0000000000000000       0x34 lib/Debug/libsystem_config.a(interrupt.o)
 .text.IntRawStatusGet
                0x0000000000000000       0x5c lib/Debug/libsystem_config.a(interrupt.o)
 .text.IntSoftwareIntSet
                0x0000000000000000       0x50 lib/Debug/libsystem_config.a(interrupt.o)
 .text.IntSoftwareIntClear
                0x0000000000000000       0x50 lib/Debug/libsystem_config.a(interrupt.o)
 .text.IntPendingIrqMaskedStatusGet
                0x0000000000000000       0x58 lib/Debug/libsystem_config.a(interrupt.o)
 .text.IntMasterIRQEnable
                0x0000000000000000       0x1c lib/Debug/libsystem_config.a(interrupt.o)
 .text.IntMasterIRQDisable
                0x0000000000000000       0x1c lib/Debug/libsystem_config.a(interrupt.o)
 .text.IntMasterFIQEnable
                0x0000000000000000       0x1c lib/Debug/libsystem_config.a(interrupt.o)
 .text.IntMasterFIQDisable
                0x0000000000000000       0x1c lib/Debug/libsystem_config.a(interrupt.o)
 .text.IntMasterStatusGet
                0x0000000000000000       0x20 lib/Debug/libsystem_config.a(interrupt.o)
 .text.IntDisable
                0x0000000000000000       0x3c lib/Debug/libsystem_config.a(interrupt.o)
 .text.IntEnable
                0x0000000000000000       0x38 lib/Debug/libsystem_config.a(interrupt.o)
 .text          0x0000000000000000        0x0 lib/Debug/libsystem_config.a(cpu.o)
 .data          0x0000000000000000        0x0 lib/Debug/libsystem_config.a(cpu.o)
 .bss           0x0000000000000000        0x0 lib/Debug/libsystem_config.a(cpu.o)
 .text.CPUSwitchToPrivilegedMode
                0x0000000000000000       0x1c lib/Debug/libsystem_config.a(cpu.o)
 .text.CPUSwitchToUserMode
                0x0000000000000000       0x28 lib/Debug/libsystem_config.a(cpu.o)
 .text.CPUAbortHandler
                0x0000000000000000       0x18 lib/Debug/libsystem_config.a(cpu.o)
 .text.CPUIntStatus
                0x0000000000000000       0x2c lib/Debug/libsystem_config.a(cpu.o)
 .text.CPUirqd  0x0000000000000000       0x28 lib/Debug/libsystem_config.a(cpu.o)
 .text.CPUirqe  0x0000000000000000       0x28 lib/Debug/libsystem_config.a(cpu.o)
 .text.CPUfiqd  0x0000000000000000       0x28 lib/Debug/libsystem_config.a(cpu.o)
 .text.CPUfiqe  0x0000000000000000       0x28 lib/Debug/libsystem_config.a(cpu.o)
 .debug_info    0x0000000000000000       0xcc lib/Debug/libsystem_config.a(cpu.o)
 .debug_abbrev  0x0000000000000000       0x62 lib/Debug/libsystem_config.a(cpu.o)
 .debug_aranges
                0x0000000000000000       0x58 lib/Debug/libsystem_config.a(cpu.o)
 .debug_ranges  0x0000000000000000       0x48 lib/Debug/libsystem_config.a(cpu.o)
 .debug_line    0x0000000000000000       0xd8 lib/Debug/libsystem_config.a(cpu.o)
 .debug_str     0x0000000000000000      0x1ce lib/Debug/libsystem_config.a(cpu.o)
 .comment       0x0000000000000000       0x6f lib/Debug/libsystem_config.a(cpu.o)
 .debug_frame   0x0000000000000000      0x110 lib/Debug/libsystem_config.a(cpu.o)
 .ARM.attributes
                0x0000000000000000       0x3b lib/Debug/libsystem_config.a(cpu.o)
 .data          0x0000000000000000        0x0 /usr/lib/gcc/arm-none-eabi/4.9.3//libgcc.a(_udivsi3.o)
 .bss           0x0000000000000000        0x0 /usr/lib/gcc/arm-none-eabi/4.9.3//libgcc.a(_udivsi3.o)
 .data          0x0000000000000000        0x0 /usr/lib/gcc/arm-none-eabi/4.9.3//libgcc.a(_divsi3.o)
 .bss           0x0000000000000000        0x0 /usr/lib/gcc/arm-none-eabi/4.9.3//libgcc.a(_divsi3.o)
 .data          0x0000000000000000        0x0 /usr/lib/gcc/arm-none-eabi/4.9.3//libgcc.a(_dvmd_tls.o)
 .bss           0x0000000000000000        0x0 /usr/lib/gcc/arm-none-eabi/4.9.3//libgcc.a(_dvmd_tls.o)

Memory Configuration

Name             Origin             Length             Attributes
DDR0             0x0000000080000000 0x0000000010000000
*default*        0x0000000000000000 0xffffffffffffffff

Linker script and memory map

LOAD Debug/gpioClk.o
LOAD Debug/gpioFunctions.o
LOAD Debug/gpioLED.o
LOAD Debug/gpio_Button_Iago.o
LOAD lib/Debug/libsystem_config.a
LOAD /usr/lib/arm-none-eabi/lib//libc.a
LOAD /usr/lib/gcc/arm-none-eabi/4.9.3//libgcc.a
LOAD lib/Debug/libsystem_config.a

.startcode      0x0000000080000000       0xb4
                0x0000000080000000                . = ALIGN (0x4)
 *init.o(.text)
 .text          0x0000000080000000       0xb4 lib/Debug/libsystem_config.a(init.o)
                0x0000000080000000                Entry

.text           0x00000000800000b4      0xf08
                0x00000000800000b4                . = ALIGN (0x4)
 *(.text*)
 .text.gpioModuleClk
                0x00000000800000b4       0x1c Debug/gpioClk.o
                0x00000000800000b4                gpioModuleClk
 .text.ledInit  0x00000000800000d0      0x274 Debug/gpioFunctions.o
                0x00000000800000d0                ledInit
 .text.Delay    0x0000000080000344       0x38 Debug/gpioFunctions.o
                0x0000000080000344                Delay
 .text.getValue
                0x000000008000037c       0xa8 Debug/gpioFunctions.o
                0x000000008000037c                getValue
 .text.GPIOPinMuxSetup
                0x0000000080000424       0xb0 Debug/gpioLED.o
                0x0000000080000424                GPIOPinMuxSetup
 .text.GPIOModuleEnable
                0x00000000800004d4       0x3c Debug/gpioLED.o
                0x00000000800004d4                GPIOModuleEnable
 .text.GPIOModuleReset
                0x0000000080000510       0x3c Debug/gpioLED.o
                0x0000000080000510                GPIOModuleReset
 .text.GPIODirModeSet
                0x000000008000054c       0x90 Debug/gpioLED.o
                0x000000008000054c                GPIODirModeSet
 .text.GPIOPinWrite
                0x00000000800005dc       0x6c Debug/gpioLED.o
                0x00000000800005dc                GPIOPinWrite
 .text.main     0x0000000080000648       0xac Debug/gpio_Button_Iago.o
                0x0000000080000648                main
 .text.start_boot
                0x00000000800006f4       0x24 lib/Debug/libsystem_config.a(startup.o)
                0x00000000800006f4                start_boot
 .text.CopyVectorTable
                0x0000000080000718       0x94 lib/Debug/libsystem_config.a(startup.o)
 .text          0x00000000800007ac      0x488 lib/Debug/libsystem_config.a(cp15.o)
                0x00000000800007ac                CP15ICacheDisable
                0x00000000800007c8                CP15DCacheDisable
                0x00000000800007e4                CP15ICacheEnable
                0x00000000800007f4                CP15DCacheEnable
                0x0000000080000804                CP15DCacheFlush
                0x0000000080000898                CP15DCacheClean
                0x000000008000092c                CP15DCacheCleanFlush
                0x00000000800009c0                CP15ICacheFlush
                0x00000000800009d0                CP15DCacheCleanBuff
                0x0000000080000a24                CP15DCacheCleanFlushBuff
                0x0000000080000a78                CP15DCacheFlushBuff
                0x0000000080000adc                CP15ICacheFlushBuff
                0x0000000080000b30                CP15Ttb0Set
                0x0000000080000b3c                CP15TlbInvalidate
                0x0000000080000b48                CP15MMUDisable
                0x0000000080000b60                CP15MMUEnable
                0x0000000080000b74                CP15VectorBaseAddrSet
                0x0000000080000b80                CP15BranchPredictorInvalidate
                0x0000000080000b8c                CP15BranchPredictionEnable
                0x0000000080000b9c                CP15BranchPredictionDisable
                0x0000000080000bac                CP15DomainAccessClientSet
                0x0000000080000bbc                CP15ControlFeatureDisable
                0x0000000080000bd0                CP15ControlFeatureEnable
                0x0000000080000be4                CP15TtbCtlTtb0Config
                0x0000000080000bf4                CP15AuxControlFeatureEnable
                0x0000000080000c08                CP15AuxControlFeatureDisable
                0x0000000080000c1c                CP15MainIdPrimPartNumGet
 .text          0x0000000080000c34       0xf0 lib/Debug/libsystem_config.a(exceptionhandler.o)
                0x0000000080000c34                SVC_Handler
                0x0000000080000c5c                IRQHandler
                0x0000000080000d08                FIQHandler
                0x0000000080000d0c                UndefInstHandler
                0x0000000080000d0c                AbortHandler
 .text          0x0000000080000d24      0x114 /usr/lib/gcc/arm-none-eabi/4.9.3//libgcc.a(_udivsi3.o)
                0x0000000080000d24                __udivsi3
                0x0000000080000d24                __aeabi_uidiv
                0x0000000080000e18                __aeabi_uidivmod
 .text          0x0000000080000e38      0x148 /usr/lib/gcc/arm-none-eabi/4.9.3//libgcc.a(_divsi3.o)
                0x0000000080000e38                __aeabi_idiv
                0x0000000080000e38                __divsi3
                0x0000000080000f60                __aeabi_idivmod
 .text          0x0000000080000f80        0x4 /usr/lib/gcc/arm-none-eabi/4.9.3//libgcc.a(_dvmd_tls.o)
                0x0000000080000f80                __aeabi_ldiv0
                0x0000000080000f80                __aeabi_idiv0
 *(.rodata*)
 .rodata.vecTbl
                0x0000000080000f84       0x38 lib/Debug/libsystem_config.a(startup.o)

.glue_7         0x0000000080000fbc        0x0
 .glue_7        0x0000000080000fbc        0x0 linker stubs

.glue_7t        0x0000000080000fbc        0x0
 .glue_7t       0x0000000080000fbc        0x0 linker stubs

.vfp11_veneer   0x0000000080000fbc        0x0
 .vfp11_veneer  0x0000000080000fbc        0x0 linker stubs

.v4_bx          0x0000000080000fbc        0x0
 .v4_bx         0x0000000080000fbc        0x0 linker stubs

.iplt           0x0000000080000fbc        0x0
 .iplt          0x0000000080000fbc        0x0 Debug/gpioClk.o

.rel.dyn        0x0000000080000fbc        0x0
 .rel.iplt      0x0000000080000fbc        0x0 Debug/gpioClk.o

.data           0x0000000080000fbc        0x0
                0x0000000080000fbc                . = ALIGN (0x4)
 *(.data*)

.igot.plt       0x0000000080000fbc        0x0
 .igot.plt      0x0000000080000fbc        0x0 Debug/gpioClk.o

.bss            0x0000000080000fbc      0x200
                0x0000000080000fbc                . = ALIGN (0x4)
                0x0000000080000fbc                _bss_start = .
 *(.bss*)
 *(COMMON)
 COMMON         0x0000000080000fbc      0x200 lib/Debug/libsystem_config.a(interrupt.o)
                0x0000000080000fbc                fnRAMVectors
                0x00000000800011bc                _bss_end = .

.heap           0x00000000800011bc      0x800
                0x00000000800011bc                . = ALIGN (0x4)
                0x00000000800011bc                __end__ = .
                0x00000000800011bc                end = __end__
                0x00000000800011bc                __HeapBase = __end__
 *(.heap*)
                0x00000000800019bc                . = (. + 0x800)
 *fill*         0x00000000800011bc      0x800 
                0x00000000800019bc                __HeapLimit = .

.stack          0x00000000800019bc  0x7fffff8
                0x00000000800019bc                . = ALIGN (0x4)
                0x00000000800019bc                __StackLimit = .
 *(.stack*)
                0x00000000880019b4                . = (. + 0x7fffff8)
 *fill*         0x00000000800019bc  0x7fffff8 
                0x00000000880019b4                __StackTop = .
                0x00000000880019b4                _stack = __StackTop
OUTPUT(Debug/gpio_Button_Iago.out elf32-littlearm)

.debug_info     0x0000000000000000     0x1025
 .debug_info    0x0000000000000000      0x179 Debug/gpioClk.o
 .debug_info    0x0000000000000179      0x237 Debug/gpioFunctions.o
 .debug_info    0x00000000000003b0      0x281 Debug/gpioLED.o
 .debug_info    0x0000000000000631      0x159 Debug/gpio_Button_Iago.o
 .debug_info    0x000000000000078a       0x9f lib/Debug/libsystem_config.a(init.o)
 .debug_info    0x0000000000000829       0xd2 lib/Debug/libsystem_config.a(startup.o)
 .debug_info    0x00000000000008fb       0x9f lib/Debug/libsystem_config.a(cp15.o)
 .debug_info    0x000000000000099a       0xb2 lib/Debug/libsystem_config.a(exceptionhandler.o)
 .debug_info    0x0000000000000a4c      0x3cf lib/Debug/libsystem_config.a(interrupt.o)
 .debug_info    0x0000000000000e1b       0xae /usr/lib/gcc/arm-none-eabi/4.9.3//libgcc.a(_udivsi3.o)
 .debug_info    0x0000000000000ec9       0xae /usr/lib/gcc/arm-none-eabi/4.9.3//libgcc.a(_divsi3.o)
 .debug_info    0x0000000000000f77       0xae /usr/lib/gcc/arm-none-eabi/4.9.3//libgcc.a(_dvmd_tls.o)

.debug_abbrev   0x0000000000000000      0x5cf
 .debug_abbrev  0x0000000000000000       0xb4 Debug/gpioClk.o
 .debug_abbrev  0x00000000000000b4      0x100 Debug/gpioFunctions.o
 .debug_abbrev  0x00000000000001b4       0xb6 Debug/gpioLED.o
 .debug_abbrev  0x000000000000026a       0x8b Debug/gpio_Button_Iago.o
 .debug_abbrev  0x00000000000002f5       0x14 lib/Debug/libsystem_config.a(init.o)
 .debug_abbrev  0x0000000000000309       0xa2 lib/Debug/libsystem_config.a(startup.o)
 .debug_abbrev  0x00000000000003ab       0x14 lib/Debug/libsystem_config.a(cp15.o)
 .debug_abbrev  0x00000000000003bf       0x14 lib/Debug/libsystem_config.a(exceptionhandler.o)
 .debug_abbrev  0x00000000000003d3      0x1c0 lib/Debug/libsystem_config.a(interrupt.o)
 .debug_abbrev  0x0000000000000593       0x14 /usr/lib/gcc/arm-none-eabi/4.9.3//libgcc.a(_udivsi3.o)
 .debug_abbrev  0x00000000000005a7       0x14 /usr/lib/gcc/arm-none-eabi/4.9.3//libgcc.a(_divsi3.o)
 .debug_abbrev  0x00000000000005bb       0x14 /usr/lib/gcc/arm-none-eabi/4.9.3//libgcc.a(_dvmd_tls.o)

.debug_aranges  0x0000000000000000      0x2c0
 .debug_aranges
                0x0000000000000000       0x28 Debug/gpioClk.o
 .debug_aranges
                0x0000000000000028       0x38 Debug/gpioFunctions.o
 .debug_aranges
                0x0000000000000060       0x48 Debug/gpioLED.o
 .debug_aranges
                0x00000000000000a8       0x20 Debug/gpio_Button_Iago.o
 .debug_aranges
                0x00000000000000c8       0x20 lib/Debug/libsystem_config.a(init.o)
 .debug_aranges
                0x00000000000000e8       0x28 lib/Debug/libsystem_config.a(startup.o)
 .debug_aranges
                0x0000000000000110       0x20 lib/Debug/libsystem_config.a(cp15.o)
 .debug_aranges
                0x0000000000000130       0x20 lib/Debug/libsystem_config.a(exceptionhandler.o)
 .debug_aranges
                0x0000000000000150      0x110 lib/Debug/libsystem_config.a(interrupt.o)
 .debug_aranges
                0x0000000000000260       0x20 /usr/lib/gcc/arm-none-eabi/4.9.3//libgcc.a(_udivsi3.o)
 .debug_aranges
                0x0000000000000280       0x20 /usr/lib/gcc/arm-none-eabi/4.9.3//libgcc.a(_divsi3.o)
 .debug_aranges
                0x00000000000002a0       0x20 /usr/lib/gcc/arm-none-eabi/4.9.3//libgcc.a(_dvmd_tls.o)

.debug_ranges   0x0000000000000000      0x1a0
 .debug_ranges  0x0000000000000000       0x18 Debug/gpioClk.o
 .debug_ranges  0x0000000000000018       0x28 Debug/gpioFunctions.o
 .debug_ranges  0x0000000000000040       0x38 Debug/gpioLED.o
 .debug_ranges  0x0000000000000078       0x10 Debug/gpio_Button_Iago.o
 .debug_ranges  0x0000000000000088       0x18 lib/Debug/libsystem_config.a(startup.o)
 .debug_ranges  0x00000000000000a0      0x100 lib/Debug/libsystem_config.a(interrupt.o)

.debug_line     0x0000000000000000      0xa8c
 .debug_line    0x0000000000000000       0x61 Debug/gpioClk.o
 .debug_line    0x0000000000000061      0x169 Debug/gpioFunctions.o
 .debug_line    0x00000000000001ca      0x101 Debug/gpioLED.o
 .debug_line    0x00000000000002cb       0x5f Debug/gpio_Button_Iago.o
 .debug_line    0x000000000000032a       0x8d lib/Debug/libsystem_config.a(init.o)
 .debug_line    0x00000000000003b7       0x90 lib/Debug/libsystem_config.a(startup.o)
 .debug_line    0x0000000000000447      0x184 lib/Debug/libsystem_config.a(cp15.o)
 .debug_line    0x00000000000005cb       0xb3 lib/Debug/libsystem_config.a(exceptionhandler.o)
 .debug_line    0x000000000000067e      0x2b7 lib/Debug/libsystem_config.a(interrupt.o)
 .debug_line    0x0000000000000935       0x78 /usr/lib/gcc/arm-none-eabi/4.9.3//libgcc.a(_udivsi3.o)
 .debug_line    0x00000000000009ad       0x84 /usr/lib/gcc/arm-none-eabi/4.9.3//libgcc.a(_divsi3.o)
 .debug_line    0x0000000000000a31       0x5b /usr/lib/gcc/arm-none-eabi/4.9.3//libgcc.a(_dvmd_tls.o)

.debug_str      0x0000000000000000      0x80c
 .debug_str     0x0000000000000000      0x28d Debug/gpioClk.o
 .debug_str     0x000000000000028d       0x66 Debug/gpioFunctions.o
                                        0x2c7 (size before relaxing)
 .debug_str     0x00000000000002f3       0xb0 Debug/gpioLED.o
                                        0x31c (size before relaxing)
 .debug_str     0x00000000000003a3       0x1c Debug/gpio_Button_Iago.o
                                        0x277 (size before relaxing)
 .debug_str     0x00000000000003bf      0x192 lib/Debug/libsystem_config.a(startup.o)
                                        0x1bc (size before relaxing)
 .debug_str     0x0000000000000551      0x2bb lib/Debug/libsystem_config.a(interrupt.o)
                                        0x407 (size before relaxing)

.comment        0x0000000000000000       0xa6
 .comment       0x0000000000000000       0x38 Debug/gpioClk.o
                                         0x39 (size before relaxing)
 .comment       0x0000000000000038       0x39 Debug/gpioFunctions.o
 .comment       0x0000000000000038       0x39 Debug/gpioLED.o
 .comment       0x0000000000000038       0x39 Debug/gpio_Button_Iago.o
 .comment       0x0000000000000038       0x6e lib/Debug/libsystem_config.a(startup.o)
                                         0x6f (size before relaxing)
 .comment       0x00000000000000a6       0x6f lib/Debug/libsystem_config.a(interrupt.o)

.ARM.attributes
                0x0000000000000000       0x39
 .ARM.attributes
                0x0000000000000000       0x37 Debug/gpioClk.o
 .ARM.attributes
                0x0000000000000037       0x37 Debug/gpioFunctions.o
 .ARM.attributes
                0x000000000000006e       0x37 Debug/gpioLED.o
 .ARM.attributes
                0x00000000000000a5       0x37 Debug/gpio_Button_Iago.o
 .ARM.attributes
                0x00000000000000dc       0x29 lib/Debug/libsystem_config.a(init.o)
 .ARM.attributes
                0x0000000000000105       0x3b lib/Debug/libsystem_config.a(startup.o)
 .ARM.attributes
                0x0000000000000140       0x29 lib/Debug/libsystem_config.a(cp15.o)
 .ARM.attributes
                0x0000000000000169       0x29 lib/Debug/libsystem_config.a(exceptionhandler.o)
 .ARM.attributes
                0x0000000000000192       0x3b lib/Debug/libsystem_config.a(interrupt.o)
 .ARM.attributes
                0x00000000000001cd       0x18 /usr/lib/gcc/arm-none-eabi/4.9.3//libgcc.a(_udivsi3.o)
 .ARM.attributes
                0x00000000000001e5       0x18 /usr/lib/gcc/arm-none-eabi/4.9.3//libgcc.a(_divsi3.o)
 .ARM.attributes
                0x00000000000001fd       0x18 /usr/lib/gcc/arm-none-eabi/4.9.3//libgcc.a(_dvmd_tls.o)

.debug_frame    0x0000000000000000      0x648
 .debug_frame   0x0000000000000000       0x50 Debug/gpioClk.o
 .debug_frame   0x0000000000000050       0x94 Debug/gpioFunctions.o
 .debug_frame   0x00000000000000e4       0xd0 Debug/gpioLED.o
 .debug_frame   0x00000000000001b4       0x2c Debug/gpio_Button_Iago.o
 .debug_frame   0x00000000000001e0       0x4c lib/Debug/libsystem_config.a(startup.o)
 .debug_frame   0x000000000000022c      0x3dc lib/Debug/libsystem_config.a(interrupt.o)
 .debug_frame   0x0000000000000608       0x20 /usr/lib/gcc/arm-none-eabi/4.9.3//libgcc.a(_udivsi3.o)
 .debug_frame   0x0000000000000628       0x20 /usr/lib/gcc/arm-none-eabi/4.9.3//libgcc.a(_divsi3.o)
