Archive member included to satisfy reference by file (symbol)

lib/Debug/libsystem_config.a(init.o)
                              (Entry)
lib/Debug/libsystem_config.a(startup.o)
                              lib/Debug/libsystem_config.a(init.o) (start_boot)
lib/Debug/libsystem_config.a(cp15.o)
                              lib/Debug/libsystem_config.a(startup.o) (CP15VectorBaseAddrSet)
lib/Debug/libsystem_config.a(exceptionhandler.o)
                              lib/Debug/libsystem_config.a(startup.o) (IRQHandler)
lib/Debug/libsystem_config.a(interrupt.o)
                              lib/Debug/libsystem_config.a(exceptionhandler.o) (fnRAMVectors)
lib/Debug/libsystem_config.a(cpu.o)
                              lib/Debug/libsystem_config.a(exceptionhandler.o) (CPUAbortHandler)
/usr/lib/gcc/arm-none-eabi/4.9.3//libgcc.a(_udivsi3.o)
                              (__aeabi_uidiv)
/usr/lib/gcc/arm-none-eabi/4.9.3//libgcc.a(_divsi3.o)
                              (__aeabi_idiv)
/usr/lib/gcc/arm-none-eabi/4.9.3//libgcc.a(_dvmd_tls.o)
                              /usr/lib/gcc/arm-none-eabi/4.9.3//libgcc.a(_udivsi3.o) (__aeabi_idiv0)

Allocating common symbols
Common symbol       size              file

moduleClk           0x1               Debug/gpioClk.o
fnRAMVectors        0x200             lib/Debug/libsystem_config.a(interrupt.o)
pin                 0x1               Debug/gpioClk.o

Discarded input sections

 .text          0x0000000000000000        0x0 Debug/gpioClk.o
 .data          0x0000000000000000        0x0 Debug/gpioClk.o
 .bss           0x0000000000000000        0x0 Debug/gpioClk.o
 COMMON         0x0000000000000000        0x2 Debug/gpioClk.o
 .text          0x0000000000000000        0x0 Debug/gpioFunctions.o
 .data          0x0000000000000000        0x0 Debug/gpioFunctions.o
 .bss           0x0000000000000000        0x0 Debug/gpioFunctions.o
 .text.modulo0  0x0000000000000000      0x258 Debug/gpioFunctions.o
 .text.modulo1  0x0000000000000000      0x17c Debug/gpioFunctions.o
 .text.modulo2  0x0000000000000000      0x13c Debug/gpioFunctions.o
 .text.modulo3  0x0000000000000000      0x100 Debug/gpioFunctions.o
 .text          0x0000000000000000        0x0 Debug/gpioLED.o
 .data          0x0000000000000000        0x0 Debug/gpioLED.o
 .bss           0x0000000000000000        0x0 Debug/gpioLED.o
 .text          0x0000000000000000        0x0 Debug/gpioPinSelect.o
 .data          0x0000000000000000        0x0 Debug/gpioPinSelect.o
 .bss           0x0000000000000000        0x0 Debug/gpioPinSelect.o
 .text.selectUART
                0x0000000000000000      0x10c Debug/gpioPinSelect.o
 .text.selectCSN
                0x0000000000000000       0x7c Debug/gpioPinSelect.o
 .text.selectMII
                0x0000000000000000       0xc0 Debug/gpioPinSelect.o
 .text.selectXDMA
                0x0000000000000000       0x60 Debug/gpioPinSelect.o
 .text.selectMDIO
                0x0000000000000000       0x60 Debug/gpioPinSelect.o
 .text.selectSPI0
                0x0000000000000000       0xcc Debug/gpioPinSelect.o
 .text.selectGPMC
                0x0000000000000000       0xd0 Debug/gpioPinSelect.o
 .text.selectMII1RXD
                0x0000000000000000       0x9c Debug/gpioPinSelect.o
 .text.selectLCD
                0x0000000000000000       0x9c Debug/gpioPinSelect.o
 .text.selectMMC0
                0x0000000000000000       0xd4 Debug/gpioPinSelect.o
 .text.selectMII1
                0x0000000000000000       0xfc Debug/gpioPinSelect.o
 .text.selectI2C0
                0x0000000000000000       0x60 Debug/gpioPinSelect.o
 .text.selectMCASPO
                0x0000000000000000      0x10c Debug/gpioPinSelect.o
 .debug_info    0x0000000000000000      0x32e Debug/gpioPinSelect.o
 .debug_abbrev  0x0000000000000000       0xc5 Debug/gpioPinSelect.o
 .debug_aranges
                0x0000000000000000       0x80 Debug/gpioPinSelect.o
 .debug_ranges  0x0000000000000000       0x70 Debug/gpioPinSelect.o
 .debug_line    0x0000000000000000      0x1b1 Debug/gpioPinSelect.o
 .debug_str     0x0000000000000000      0x2d3 Debug/gpioPinSelect.o
 .comment       0x0000000000000000       0x39 Debug/gpioPinSelect.o
 .debug_frame   0x0000000000000000      0x1b0 Debug/gpioPinSelect.o
 .ARM.attributes
                0x0000000000000000       0x37 Debug/gpioPinSelect.o
 .text          0x0000000000000000        0x0 Debug/gpio_Button_Iago.o
 .data          0x0000000000000000        0x0 Debug/gpio_Button_Iago.o
 .bss           0x0000000000000000        0x0 Debug/gpio_Button_Iago.o
 .data          0x0000000000000000        0x0 lib/Debug/libsystem_config.a(init.o)
 .bss           0x0000000000000000        0x0 lib/Debug/libsystem_config.a(init.o)
 .text          0x0000000000000000        0x0 lib/Debug/libsystem_config.a(startup.o)
 .data          0x0000000000000000        0x0 lib/Debug/libsystem_config.a(startup.o)
 .bss           0x0000000000000000        0x0 lib/Debug/libsystem_config.a(startup.o)
 .rodata.AM335X_VECTOR_BASE
                0x0000000000000000        0x4 lib/Debug/libsystem_config.a(startup.o)
 .data          0x0000000000000000        0x0 lib/Debug/libsystem_config.a(cp15.o)
 .bss           0x0000000000000000        0x0 lib/Debug/libsystem_config.a(cp15.o)
 .data          0x0000000000000000        0x0 lib/Debug/libsystem_config.a(exceptionhandler.o)
 .bss           0x0000000000000000        0x0 lib/Debug/libsystem_config.a(exceptionhandler.o)
 .text          0x0000000000000000        0x0 lib/Debug/libsystem_config.a(interrupt.o)
 .data          0x0000000000000000        0x0 lib/Debug/libsystem_config.a(interrupt.o)
 .bss           0x0000000000000000        0x0 lib/Debug/libsystem_config.a(interrupt.o)
 .text.IntDefaultHandler
                0x0000000000000000       0x18 lib/Debug/libsystem_config.a(interrupt.o)
 .text.IntRegister
                0x0000000000000000       0x38 lib/Debug/libsystem_config.a(interrupt.o)
 .text.IntUnRegister
                0x0000000000000000       0x38 lib/Debug/libsystem_config.a(interrupt.o)
 .text.IntAINTCInit
                0x0000000000000000       0x94 lib/Debug/libsystem_config.a(interrupt.o)
 .text.IntPrioritySet
                0x0000000000000000       0x58 lib/Debug/libsystem_config.a(interrupt.o)
 .text.IntSystemEnable
                0x0000000000000000       0x54 lib/Debug/libsystem_config.a(interrupt.o)
 .text.IntSystemDisable
                0x0000000000000000       0x54 lib/Debug/libsystem_config.a(interrupt.o)
 .text.IntIfClkFreeRunSet
                0x0000000000000000       0x34 lib/Debug/libsystem_config.a(interrupt.o)
 .text.IntIfClkAutoGateSet
                0x0000000000000000       0x34 lib/Debug/libsystem_config.a(interrupt.o)
 .text.IntActiveIrqNumGet
                0x0000000000000000       0x28 lib/Debug/libsystem_config.a(interrupt.o)
 .text.IntSpurIrqFlagGet
                0x0000000000000000       0x2c lib/Debug/libsystem_config.a(interrupt.o)
 .text.IntProtectionEnable
                0x0000000000000000       0x28 lib/Debug/libsystem_config.a(interrupt.o)
 .text.IntProtectionDisable
                0x0000000000000000       0x34 lib/Debug/libsystem_config.a(interrupt.o)
 .text.IntSyncClkFreeRunSet
                0x0000000000000000       0x34 lib/Debug/libsystem_config.a(interrupt.o)
 .text.IntSyncClkAutoGateSet
                0x0000000000000000       0x34 lib/Debug/libsystem_config.a(interrupt.o)
 .text.IntFuncClkFreeRunSet
                0x0000000000000000       0x34 lib/Debug/libsystem_config.a(interrupt.o)
 .text.IntFuncClkAutoGateSet
                0x0000000000000000       0x34 lib/Debug/libsystem_config.a(interrupt.o)
 .text.IntCurrIrqPriorityGet
                0x0000000000000000       0x28 lib/Debug/libsystem_config.a(interrupt.o)
 .text.IntPriorityThresholdGet
                0x0000000000000000       0x28 lib/Debug/libsystem_config.a(interrupt.o)
 .text.IntPriorityThresholdSet
                0x0000000000000000       0x34 lib/Debug/libsystem_config.a(interrupt.o)
 .text.IntRawStatusGet
                0x0000000000000000       0x5c lib/Debug/libsystem_config.a(interrupt.o)
 .text.IntSoftwareIntSet
                0x0000000000000000       0x50 lib/Debug/libsystem_config.a(interrupt.o)
 .text.IntSoftwareIntClear
                0x0000000000000000       0x50 lib/Debug/libsystem_config.a(interrupt.o)
 .text.IntPendingIrqMaskedStatusGet
                0x0000000000000000       0x58 lib/Debug/libsystem_config.a(interrupt.o)
 .text.IntMasterIRQEnable
                0x0000000000000000       0x1c lib/Debug/libsystem_config.a(interrupt.o)
 .text.IntMasterIRQDisable
                0x0000000000000000       0x1c lib/Debug/libsystem_config.a(interrupt.o)
 .text.IntMasterFIQEnable
                0x0000000000000000       0x1c lib/Debug/libsystem_config.a(interrupt.o)
 .text.IntMasterFIQDisable
                0x0000000000000000       0x1c lib/Debug/libsystem_config.a(interrupt.o)
 .text.IntMasterStatusGet
                0x0000000000000000       0x20 lib/Debug/libsystem_config.a(interrupt.o)
 .text.IntDisable
                0x0000000000000000       0x3c lib/Debug/libsystem_config.a(interrupt.o)
 .text.IntEnable
                0x0000000000000000       0x38 lib/Debug/libsystem_config.a(interrupt.o)
 .text          0x0000000000000000        0x0 lib/Debug/libsystem_config.a(cpu.o)
 .data          0x0000000000000000        0x0 lib/Debug/libsystem_config.a(cpu.o)
 .bss           0x0000000000000000        0x0 lib/Debug/libsystem_config.a(cpu.o)
 .text.CPUSwitchToPrivilegedMode
                0x0000000000000000       0x1c lib/Debug/libsystem_config.a(cpu.o)
 .text.CPUSwitchToUserMode
                0x0000000000000000       0x28 lib/Debug/libsystem_config.a(cpu.o)
 .text.CPUAbortHandler
                0x0000000000000000       0x18 lib/Debug/libsystem_config.a(cpu.o)
 .text.CPUIntStatus
                0x0000000000000000       0x2c lib/Debug/libsystem_config.a(cpu.o)
 .text.CPUirqd  0x0000000000000000       0x28 lib/Debug/libsystem_config.a(cpu.o)
 .text.CPUirqe  0x0000000000000000       0x28 lib/Debug/libsystem_config.a(cpu.o)
 .text.CPUfiqd  0x0000000000000000       0x28 lib/Debug/libsystem_config.a(cpu.o)
 .text.CPUfiqe  0x0000000000000000       0x28 lib/Debug/libsystem_config.a(cpu.o)
 .debug_info    0x0000000000000000       0xcc lib/Debug/libsystem_config.a(cpu.o)
 .debug_abbrev  0x0000000000000000       0x62 lib/Debug/libsystem_config.a(cpu.o)
 .debug_aranges
                0x0000000000000000       0x58 lib/Debug/libsystem_config.a(cpu.o)
 .debug_ranges  0x0000000000000000       0x48 lib/Debug/libsystem_config.a(cpu.o)
 .debug_line    0x0000000000000000       0xd8 lib/Debug/libsystem_config.a(cpu.o)
 .debug_str     0x0000000000000000      0x1ce lib/Debug/libsystem_config.a(cpu.o)
 .comment       0x0000000000000000       0x6f lib/Debug/libsystem_config.a(cpu.o)
 .debug_frame   0x0000000000000000      0x110 lib/Debug/libsystem_config.a(cpu.o)
 .ARM.attributes
                0x0000000000000000       0x3b lib/Debug/libsystem_config.a(cpu.o)
 .data          0x0000000000000000        0x0 /usr/lib/gcc/arm-none-eabi/4.9.3//libgcc.a(_udivsi3.o)
 .bss           0x0000000000000000        0x0 /usr/lib/gcc/arm-none-eabi/4.9.3//libgcc.a(_udivsi3.o)
 .data          0x0000000000000000        0x0 /usr/lib/gcc/arm-none-eabi/4.9.3//libgcc.a(_divsi3.o)
 .bss           0x0000000000000000        0x0 /usr/lib/gcc/arm-none-eabi/4.9.3//libgcc.a(_divsi3.o)
 .data          0x0000000000000000        0x0 /usr/lib/gcc/arm-none-eabi/4.9.3//libgcc.a(_dvmd_tls.o)
 .bss           0x0000000000000000        0x0 /usr/lib/gcc/arm-none-eabi/4.9.3//libgcc.a(_dvmd_tls.o)

Memory Configuration

Name             Origin             Length             Attributes
DDR0             0x0000000080000000 0x0000000010000000
*default*        0x0000000000000000 0xffffffffffffffff

Linker script and memory map

LOAD Debug/gpioClk.o
LOAD Debug/gpioFunctions.o
LOAD Debug/gpioLED.o
LOAD Debug/gpioPinSelect.o
LOAD Debug/gpio_Button_Iago.o
LOAD lib/Debug/libsystem_config.a
LOAD /usr/lib/arm-none-eabi/lib//libc.a
LOAD /usr/lib/gcc/arm-none-eabi/4.9.3//libgcc.a
LOAD lib/Debug/libsystem_config.a

.startcode      0x0000000080000000       0xb4
                0x0000000080000000                . = ALIGN (0x4)
 *init.o(.text)
 .text          0x0000000080000000       0xb4 lib/Debug/libsystem_config.a(init.o)
                0x0000000080000000                Entry

.text           0x00000000800000b4     0x1088
                0x00000000800000b4                . = ALIGN (0x4)
 *(.text*)
 .text.GPIO3_ModuleClkConfig
                0x00000000800000b4       0x4c Debug/gpioClk.o
                0x00000000800000b4                GPIO3_ModuleClkConfig
 .text.GPIO2_ModuleClkConfig
                0x0000000080000100       0x4c Debug/gpioClk.o
                0x0000000080000100                GPIO2_ModuleClkConfig
 .text.GPIO1_ModuleClkConfig
                0x000000008000014c       0x4c Debug/gpioClk.o
                0x000000008000014c                GPIO1_ModuleClkConfig
 .text.GPIO0_ModuleClkConfig
                0x0000000080000198       0x4c Debug/gpioClk.o
                0x0000000080000198                GPIO0_ModuleClkConfig
 .text.gpioModuleClk
                0x00000000800001e4       0x78 Debug/gpioClk.o
                0x00000000800001e4                gpioModuleClk
 .text.ledInit  0x000000008000025c      0x14c Debug/gpioFunctions.o
                0x000000008000025c                ledInit
 .text.GPIOPinMuxSetup
                0x00000000800003a8       0x38 Debug/gpioLED.o
                0x00000000800003a8                GPIOPinMuxSetup
 .text.GPIOPinMuxSetup0
                0x00000000800003e0       0xb0 Debug/gpioLED.o
                0x00000000800003e0                GPIOPinMuxSetup0
 .text.GPIOModuleEnable
                0x0000000080000490       0x3c Debug/gpioLED.o
                0x0000000080000490                GPIOModuleEnable
 .text.GPIOModuleReset
                0x00000000800004cc       0x3c Debug/gpioLED.o
                0x00000000800004cc                GPIOModuleReset
 .text.GPIODirModeSet
                0x0000000080000508       0x90 Debug/gpioLED.o
                0x0000000080000508                GPIODirModeSet
 .text.GPIOPinWrite
                0x0000000080000598       0x6c Debug/gpioLED.o
                0x0000000080000598                GPIOPinWrite
 .text.ledToggle
                0x0000000080000604      0x12c Debug/gpioLED.o
                0x0000000080000604                ledToggle
 .text.main     0x0000000080000730       0x64 Debug/gpio_Button_Iago.o
                0x0000000080000730                main
 .text.Delay    0x0000000080000794       0x38 Debug/gpio_Button_Iago.o
 .text.getPin   0x00000000800007cc       0xa8 Debug/gpio_Button_Iago.o
                0x00000000800007cc                getPin
 .text.start_boot
                0x0000000080000874       0x24 lib/Debug/libsystem_config.a(startup.o)
                0x0000000080000874                start_boot
 .text.CopyVectorTable
                0x0000000080000898       0x94 lib/Debug/libsystem_config.a(startup.o)
 .text          0x000000008000092c      0x488 lib/Debug/libsystem_config.a(cp15.o)
                0x000000008000092c                CP15ICacheDisable
                0x0000000080000948                CP15DCacheDisable
                0x0000000080000964                CP15ICacheEnable
                0x0000000080000974                CP15DCacheEnable
                0x0000000080000984                CP15DCacheFlush
                0x0000000080000a18                CP15DCacheClean
                0x0000000080000aac                CP15DCacheCleanFlush
                0x0000000080000b40                CP15ICacheFlush
                0x0000000080000b50                CP15DCacheCleanBuff
                0x0000000080000ba4                CP15DCacheCleanFlushBuff
                0x0000000080000bf8                CP15DCacheFlushBuff
                0x0000000080000c5c                CP15ICacheFlushBuff
                0x0000000080000cb0                CP15Ttb0Set
                0x0000000080000cbc                CP15TlbInvalidate
                0x0000000080000cc8                CP15MMUDisable
                0x0000000080000ce0                CP15MMUEnable
                0x0000000080000cf4                CP15VectorBaseAddrSet
                0x0000000080000d00                CP15BranchPredictorInvalidate
                0x0000000080000d0c                CP15BranchPredictionEnable
                0x0000000080000d1c                CP15BranchPredictionDisable
                0x0000000080000d2c                CP15DomainAccessClientSet
                0x0000000080000d3c                CP15ControlFeatureDisable
                0x0000000080000d50                CP15ControlFeatureEnable
                0x0000000080000d64                CP15TtbCtlTtb0Config
                0x0000000080000d74                CP15AuxControlFeatureEnable
                0x0000000080000d88                CP15AuxControlFeatureDisable
                0x0000000080000d9c                CP15MainIdPrimPartNumGet
 .text          0x0000000080000db4       0xf0 lib/Debug/libsystem_config.a(exceptionhandler.o)
                0x0000000080000db4                SVC_Handler
                0x0000000080000ddc                IRQHandler
                0x0000000080000e88                FIQHandler
                0x0000000080000e8c                UndefInstHandler
                0x0000000080000e8c                AbortHandler
 .text          0x0000000080000ea4      0x114 /usr/lib/gcc/arm-none-eabi/4.9.3//libgcc.a(_udivsi3.o)
                0x0000000080000ea4                __udivsi3
                0x0000000080000ea4                __aeabi_uidiv
                0x0000000080000f98                __aeabi_uidivmod
 .text          0x0000000080000fb8      0x148 /usr/lib/gcc/arm-none-eabi/4.9.3//libgcc.a(_divsi3.o)
                0x0000000080000fb8                __aeabi_idiv
                0x0000000080000fb8                __divsi3
                0x00000000800010e0                __aeabi_idivmod
 .text          0x0000000080001100        0x4 /usr/lib/gcc/arm-none-eabi/4.9.3//libgcc.a(_dvmd_tls.o)
                0x0000000080001100                __aeabi_ldiv0
                0x0000000080001100                __aeabi_idiv0
 *(.rodata*)
 .rodata.vecTbl
                0x0000000080001104       0x38 lib/Debug/libsystem_config.a(startup.o)

.glue_7         0x000000008000113c        0x0
 .glue_7        0x000000008000113c        0x0 linker stubs

.glue_7t        0x000000008000113c        0x0
 .glue_7t       0x000000008000113c        0x0 linker stubs

.vfp11_veneer   0x000000008000113c        0x0
 .vfp11_veneer  0x000000008000113c        0x0 linker stubs

.v4_bx          0x000000008000113c        0x0
 .v4_bx         0x000000008000113c        0x0 linker stubs

.iplt           0x000000008000113c        0x0
 .iplt          0x000000008000113c        0x0 Debug/gpioClk.o

.rel.dyn        0x000000008000113c        0x0
 .rel.iplt      0x000000008000113c        0x0 Debug/gpioClk.o

.data           0x000000008000113c        0x0
                0x000000008000113c                . = ALIGN (0x4)
 *(.data*)

.igot.plt       0x000000008000113c        0x0
 .igot.plt      0x000000008000113c        0x0 Debug/gpioClk.o

.bss            0x000000008000113c      0x204
                0x000000008000113c                . = ALIGN (0x4)
                0x000000008000113c                _bss_start = .
 *(.bss*)
 .bss.flagToggle
                0x000000008000113c        0x4 Debug/gpioLED.o
                0x000000008000113c                flagToggle
 *(COMMON)
 COMMON         0x0000000080001140      0x200 lib/Debug/libsystem_config.a(interrupt.o)
                0x0000000080001140                fnRAMVectors
                0x0000000080001340                _bss_end = .

.heap           0x0000000080001340      0x800
                0x0000000080001340                . = ALIGN (0x4)
                0x0000000080001340                __end__ = .
                0x0000000080001340                end = __end__
                0x0000000080001340                __HeapBase = __end__
 *(.heap*)
                0x0000000080001b40                . = (. + 0x800)
 *fill*         0x0000000080001340      0x800 
                0x0000000080001b40                __HeapLimit = .

.stack          0x0000000080001b40  0x7fffff8
                0x0000000080001b40                . = ALIGN (0x4)
                0x0000000080001b40                __StackLimit = .
 *(.stack*)
                0x0000000088001b38                . = (. + 0x7fffff8)
 *fill*         0x0000000080001b40  0x7fffff8 
                0x0000000088001b38                __StackTop = .
                0x0000000088001b38                _stack = __StackTop
OUTPUT(Debug/gpio_Button_Iago.out elf32-littlearm)

.debug_info     0x0000000000000000     0x114c
 .debug_info    0x0000000000000000      0x1be Debug/gpioClk.o
 .debug_info    0x00000000000001be      0x242 Debug/gpioFunctions.o
 .debug_info    0x0000000000000400      0x2c5 Debug/gpioLED.o
 .debug_info    0x00000000000006c5      0x1ec Debug/gpio_Button_Iago.o
 .debug_info    0x00000000000008b1       0x9f lib/Debug/libsystem_config.a(init.o)
 .debug_info    0x0000000000000950       0xd2 lib/Debug/libsystem_config.a(startup.o)
 .debug_info    0x0000000000000a22       0x9f lib/Debug/libsystem_config.a(cp15.o)
 .debug_info    0x0000000000000ac1       0xb2 lib/Debug/libsystem_config.a(exceptionhandler.o)
 .debug_info    0x0000000000000b73      0x3cf lib/Debug/libsystem_config.a(interrupt.o)
 .debug_info    0x0000000000000f42       0xae /usr/lib/gcc/arm-none-eabi/4.9.3//libgcc.a(_udivsi3.o)
 .debug_info    0x0000000000000ff0       0xae /usr/lib/gcc/arm-none-eabi/4.9.3//libgcc.a(_divsi3.o)
 .debug_info    0x000000000000109e       0xae /usr/lib/gcc/arm-none-eabi/4.9.3//libgcc.a(_dvmd_tls.o)

.debug_abbrev   0x0000000000000000      0x5dc
 .debug_abbrev  0x0000000000000000       0xb4 Debug/gpioClk.o
 .debug_abbrev  0x00000000000000b4       0xab Debug/gpioFunctions.o
 .debug_abbrev  0x000000000000015f       0xb6 Debug/gpioLED.o
 .debug_abbrev  0x0000000000000215       0xed Debug/gpio_Button_Iago.o
 .debug_abbrev  0x0000000000000302       0x14 lib/Debug/libsystem_config.a(init.o)
 .debug_abbrev  0x0000000000000316       0xa2 lib/Debug/libsystem_config.a(startup.o)
 .debug_abbrev  0x00000000000003b8       0x14 lib/Debug/libsystem_config.a(cp15.o)
 .debug_abbrev  0x00000000000003cc       0x14 lib/Debug/libsystem_config.a(exceptionhandler.o)
 .debug_abbrev  0x00000000000003e0      0x1c0 lib/Debug/libsystem_config.a(interrupt.o)
 .debug_abbrev  0x00000000000005a0       0x14 /usr/lib/gcc/arm-none-eabi/4.9.3//libgcc.a(_udivsi3.o)
 .debug_abbrev  0x00000000000005b4       0x14 /usr/lib/gcc/arm-none-eabi/4.9.3//libgcc.a(_divsi3.o)
 .debug_abbrev  0x00000000000005c8       0x14 /usr/lib/gcc/arm-none-eabi/4.9.3//libgcc.a(_dvmd_tls.o)

.debug_aranges  0x0000000000000000      0x2f8
 .debug_aranges
                0x0000000000000000       0x40 Debug/gpioClk.o
 .debug_aranges
                0x0000000000000040       0x40 Debug/gpioFunctions.o
 .debug_aranges
                0x0000000000000080       0x50 Debug/gpioLED.o
 .debug_aranges
                0x00000000000000d0       0x30 Debug/gpio_Button_Iago.o
 .debug_aranges
                0x0000000000000100       0x20 lib/Debug/libsystem_config.a(init.o)
 .debug_aranges
                0x0000000000000120       0x28 lib/Debug/libsystem_config.a(startup.o)
 .debug_aranges
                0x0000000000000148       0x20 lib/Debug/libsystem_config.a(cp15.o)
 .debug_aranges
                0x0000000000000168       0x20 lib/Debug/libsystem_config.a(exceptionhandler.o)
 .debug_aranges
                0x0000000000000188      0x110 lib/Debug/libsystem_config.a(interrupt.o)
 .debug_aranges
                0x0000000000000298       0x20 /usr/lib/gcc/arm-none-eabi/4.9.3//libgcc.a(_udivsi3.o)
 .debug_aranges
                0x00000000000002b8       0x20 /usr/lib/gcc/arm-none-eabi/4.9.3//libgcc.a(_divsi3.o)
 .debug_aranges
                0x00000000000002d8       0x20 /usr/lib/gcc/arm-none-eabi/4.9.3//libgcc.a(_dvmd_tls.o)

.debug_ranges   0x0000000000000000      0x1d8
 .debug_ranges  0x0000000000000000       0x30 Debug/gpioClk.o
 .debug_ranges  0x0000000000000030       0x30 Debug/gpioFunctions.o
 .debug_ranges  0x0000000000000060       0x40 Debug/gpioLED.o
 .debug_ranges  0x00000000000000a0       0x20 Debug/gpio_Button_Iago.o
 .debug_ranges  0x00000000000000c0       0x18 lib/Debug/libsystem_config.a(startup.o)
 .debug_ranges  0x00000000000000d8      0x100 lib/Debug/libsystem_config.a(interrupt.o)

.debug_line     0x0000000000000000      0xb25
 .debug_line    0x0000000000000000       0xa0 Debug/gpioClk.o
 .debug_line    0x00000000000000a0      0x153 Debug/gpioFunctions.o
 .debug_line    0x00000000000001f3      0x113 Debug/gpioLED.o
 .debug_line    0x0000000000000306       0xbd Debug/gpio_Button_Iago.o
 .debug_line    0x00000000000003c3       0x8d lib/Debug/libsystem_config.a(init.o)
 .debug_line    0x0000000000000450       0x90 lib/Debug/libsystem_config.a(startup.o)
 .debug_line    0x00000000000004e0      0x184 lib/Debug/libsystem_config.a(cp15.o)
 .debug_line    0x0000000000000664       0xb3 lib/Debug/libsystem_config.a(exceptionhandler.o)
 .debug_line    0x0000000000000717      0x2b7 lib/Debug/libsystem_config.a(interrupt.o)
 .debug_line    0x00000000000009ce       0x78 /usr/lib/gcc/arm-none-eabi/4.9.3//libgcc.a(_udivsi3.o)
 .debug_line    0x0000000000000a46       0x84 /usr/lib/gcc/arm-none-eabi/4.9.3//libgcc.a(_divsi3.o)
 .debug_line    0x0000000000000aca       0x5b /usr/lib/gcc/arm-none-eabi/4.9.3//libgcc.a(_dvmd_tls.o)

.debug_str      0x0000000000000000      0x838
 .debug_str     0x0000000000000000      0x29c Debug/gpioClk.o
 .debug_str     0x000000000000029c       0x4d Debug/gpioFunctions.o
                                        0x275 (size before relaxing)
 .debug_str     0x00000000000002e9       0xc1 Debug/gpioLED.o
                                        0x2fa (size before relaxing)
 .debug_str     0x00000000000003aa       0x41 Debug/gpio_Button_Iago.o
                                        0x275 (size before relaxing)
 .debug_str     0x00000000000003eb      0x192 lib/Debug/libsystem_config.a(startup.o)
                                        0x1bc (size before relaxing)
 .debug_str     0x000000000000057d      0x2bb lib/Debug/libsystem_config.a(interrupt.o)
                                        0x407 (size before relaxing)

.comment        0x0000000000000000       0xa6
 .comment       0x0000000000000000       0x38 Debug/gpioClk.o
                                         0x39 (size before relaxing)
 .comment       0x0000000000000038       0x39 Debug/gpioFunctions.o
 .comment       0x0000000000000038       0x39 Debug/gpioLED.o
 .comment       0x0000000000000038       0x39 Debug/gpio_Button_Iago.o
 .comment       0x0000000000000038       0x6e lib/Debug/libsystem_config.a(startup.o)
                                         0x6f (size before relaxing)
 .comment       0x00000000000000a6       0x6f lib/Debug/libsystem_config.a(interrupt.o)

.ARM.attributes
                0x0000000000000000       0x39
 .ARM.attributes
                0x0000000000000000       0x37 Debug/gpioClk.o
 .ARM.attributes
                0x0000000000000037       0x37 Debug/gpioFunctions.o
 .ARM.attributes
                0x000000000000006e       0x37 Debug/gpioLED.o
 .ARM.attributes
                0x00000000000000a5       0x37 Debug/gpio_Button_Iago.o
 .ARM.attributes
                0x00000000000000dc       0x29 lib/Debug/libsystem_config.a(init.o)
 .ARM.attributes
                0x0000000000000105       0x3b lib/Debug/libsystem_config.a(startup.o)
 .ARM.attributes
                0x0000000000000140       0x29 lib/Debug/libsystem_config.a(cp15.o)
 .ARM.attributes
                0x0000000000000169       0x29 lib/Debug/libsystem_config.a(exceptionhandler.o)
 .ARM.attributes
                0x0000000000000192       0x3b lib/Debug/libsystem_config.a(interrupt.o)
 .ARM.attributes
                0x00000000000001cd       0x18 /usr/lib/gcc/arm-none-eabi/4.9.3//libgcc.a(_udivsi3.o)
 .ARM.attributes
                0x00000000000001e5       0x18 /usr/lib/gcc/arm-none-eabi/4.9.3//libgcc.a(_divsi3.o)
 .ARM.attributes
                0x00000000000001fd       0x18 /usr/lib/gcc/arm-none-eabi/4.9.3//libgcc.a(_dvmd_tls.o)

.debug_frame    0x0000000000000000      0x728
 .debug_frame   0x0000000000000000       0xb0 Debug/gpioClk.o
 .debug_frame   0x00000000000000b0       0xb4 Debug/gpioFunctions.o
 .debug_frame   0x0000000000000164       0xf0 Debug/gpioLED.o
 .debug_frame   0x0000000000000254       0x6c Debug/gpio_Button_Iago.o
 .debug_frame   0x00000000000002c0       0x4c lib/Debug/libsystem_config.a(startup.o)
 .debug_frame   0x000000000000030c      0x3dc lib/Debug/libsystem_config.a(interrupt.o)
 .debug_frame   0x00000000000006e8       0x20 /usr/lib/gcc/arm-none-eabi/4.9.3//libgcc.a(_udivsi3.o)
 .debug_frame   0x0000000000000708       0x20 /usr/lib/gcc/arm-none-eabi/4.9.3//libgcc.a(_divsi3.o)
