Archive member included to satisfy reference by file (symbol)

lib/Debug/libsystem_config.a(init.o)
                              (Entry)
lib/Debug/libsystem_config.a(startup.o)
                              lib/Debug/libsystem_config.a(init.o) (start_boot)
lib/Debug/libsystem_config.a(cp15.o)
                              lib/Debug/libsystem_config.a(startup.o) (CP15VectorBaseAddrSet)
lib/Debug/libsystem_config.a(exceptionhandler.o)
                              lib/Debug/libsystem_config.a(startup.o) (IRQHandler)
lib/Debug/libsystem_config.a(interrupt.o)
                              lib/Debug/libsystem_config.a(exceptionhandler.o) (fnRAMVectors)
lib/Debug/libsystem_config.a(cpu.o)
                              lib/Debug/libsystem_config.a(exceptionhandler.o) (CPUAbortHandler)
/usr/lib/gcc/arm-none-eabi/4.9.3//libgcc.a(_udivsi3.o)
                              (__aeabi_uidiv)
/usr/lib/gcc/arm-none-eabi/4.9.3//libgcc.a(_divsi3.o)
                              (__aeabi_idiv)
/usr/lib/gcc/arm-none-eabi/4.9.3//libgcc.a(_dvmd_tls.o)
                              /usr/lib/gcc/arm-none-eabi/4.9.3//libgcc.a(_udivsi3.o) (__aeabi_idiv0)

Allocating common symbols
Common symbol       size              file

fnRAMVectors        0x200             lib/Debug/libsystem_config.a(interrupt.o)

Discarded input sections

 .text          0x0000000000000000        0x0 Debug/gpioLED.o
 .data          0x0000000000000000        0x0 Debug/gpioLED.o
 .bss           0x0000000000000000        0x0 Debug/gpioLED.o
 .text          0x0000000000000000        0x0 Debug/gpioLEDBlink.o
 .data          0x0000000000000000        0x0 Debug/gpioLEDBlink.o
 .bss           0x0000000000000000        0x0 Debug/gpioLEDBlink.o
 .data          0x0000000000000000        0x0 lib/Debug/libsystem_config.a(init.o)
 .bss           0x0000000000000000        0x0 lib/Debug/libsystem_config.a(init.o)
 .text          0x0000000000000000        0x0 lib/Debug/libsystem_config.a(startup.o)
 .data          0x0000000000000000        0x0 lib/Debug/libsystem_config.a(startup.o)
 .bss           0x0000000000000000        0x0 lib/Debug/libsystem_config.a(startup.o)
 .rodata.AM335X_VECTOR_BASE
                0x0000000000000000        0x4 lib/Debug/libsystem_config.a(startup.o)
 .data          0x0000000000000000        0x0 lib/Debug/libsystem_config.a(cp15.o)
 .bss           0x0000000000000000        0x0 lib/Debug/libsystem_config.a(cp15.o)
 .data          0x0000000000000000        0x0 lib/Debug/libsystem_config.a(exceptionhandler.o)
 .bss           0x0000000000000000        0x0 lib/Debug/libsystem_config.a(exceptionhandler.o)
 .text          0x0000000000000000        0x0 lib/Debug/libsystem_config.a(interrupt.o)
 .data          0x0000000000000000        0x0 lib/Debug/libsystem_config.a(interrupt.o)
 .bss           0x0000000000000000        0x0 lib/Debug/libsystem_config.a(interrupt.o)
 .text.IntDefaultHandler
                0x0000000000000000       0x18 lib/Debug/libsystem_config.a(interrupt.o)
 .text.IntRegister
                0x0000000000000000       0x38 lib/Debug/libsystem_config.a(interrupt.o)
 .text.IntUnRegister
                0x0000000000000000       0x38 lib/Debug/libsystem_config.a(interrupt.o)
 .text.IntAINTCInit
                0x0000000000000000       0x94 lib/Debug/libsystem_config.a(interrupt.o)
 .text.IntPrioritySet
                0x0000000000000000       0x58 lib/Debug/libsystem_config.a(interrupt.o)
 .text.IntSystemEnable
                0x0000000000000000       0x54 lib/Debug/libsystem_config.a(interrupt.o)
 .text.IntSystemDisable
                0x0000000000000000       0x54 lib/Debug/libsystem_config.a(interrupt.o)
 .text.IntIfClkFreeRunSet
                0x0000000000000000       0x34 lib/Debug/libsystem_config.a(interrupt.o)
 .text.IntIfClkAutoGateSet
                0x0000000000000000       0x34 lib/Debug/libsystem_config.a(interrupt.o)
 .text.IntActiveIrqNumGet
                0x0000000000000000       0x28 lib/Debug/libsystem_config.a(interrupt.o)
 .text.IntSpurIrqFlagGet
                0x0000000000000000       0x2c lib/Debug/libsystem_config.a(interrupt.o)
 .text.IntProtectionEnable
                0x0000000000000000       0x28 lib/Debug/libsystem_config.a(interrupt.o)
 .text.IntProtectionDisable
                0x0000000000000000       0x34 lib/Debug/libsystem_config.a(interrupt.o)
 .text.IntSyncClkFreeRunSet
                0x0000000000000000       0x34 lib/Debug/libsystem_config.a(interrupt.o)
 .text.IntSyncClkAutoGateSet
                0x0000000000000000       0x34 lib/Debug/libsystem_config.a(interrupt.o)
 .text.IntFuncClkFreeRunSet
                0x0000000000000000       0x34 lib/Debug/libsystem_config.a(interrupt.o)
 .text.IntFuncClkAutoGateSet
                0x0000000000000000       0x34 lib/Debug/libsystem_config.a(interrupt.o)
 .text.IntCurrIrqPriorityGet
                0x0000000000000000       0x28 lib/Debug/libsystem_config.a(interrupt.o)
 .text.IntPriorityThresholdGet
                0x0000000000000000       0x28 lib/Debug/libsystem_config.a(interrupt.o)
 .text.IntPriorityThresholdSet
                0x0000000000000000       0x34 lib/Debug/libsystem_config.a(interrupt.o)
 .text.IntRawStatusGet
                0x0000000000000000       0x5c lib/Debug/libsystem_config.a(interrupt.o)
 .text.IntSoftwareIntSet
                0x0000000000000000       0x50 lib/Debug/libsystem_config.a(interrupt.o)
 .text.IntSoftwareIntClear
                0x0000000000000000       0x50 lib/Debug/libsystem_config.a(interrupt.o)
 .text.IntPendingIrqMaskedStatusGet
                0x0000000000000000       0x58 lib/Debug/libsystem_config.a(interrupt.o)
 .text.IntMasterIRQEnable
                0x0000000000000000       0x1c lib/Debug/libsystem_config.a(interrupt.o)
 .text.IntMasterIRQDisable
                0x0000000000000000       0x1c lib/Debug/libsystem_config.a(interrupt.o)
 .text.IntMasterFIQEnable
                0x0000000000000000       0x1c lib/Debug/libsystem_config.a(interrupt.o)
 .text.IntMasterFIQDisable
                0x0000000000000000       0x1c lib/Debug/libsystem_config.a(interrupt.o)
 .text.IntMasterStatusGet
                0x0000000000000000       0x20 lib/Debug/libsystem_config.a(interrupt.o)
 .text.IntDisable
                0x0000000000000000       0x3c lib/Debug/libsystem_config.a(interrupt.o)
 .text.IntEnable
                0x0000000000000000       0x38 lib/Debug/libsystem_config.a(interrupt.o)
 .text          0x0000000000000000        0x0 lib/Debug/libsystem_config.a(cpu.o)
 .data          0x0000000000000000        0x0 lib/Debug/libsystem_config.a(cpu.o)
 .bss           0x0000000000000000        0x0 lib/Debug/libsystem_config.a(cpu.o)
 .text.CPUSwitchToPrivilegedMode
                0x0000000000000000       0x1c lib/Debug/libsystem_config.a(cpu.o)
 .text.CPUSwitchToUserMode
                0x0000000000000000       0x28 lib/Debug/libsystem_config.a(cpu.o)
 .text.CPUAbortHandler
                0x0000000000000000       0x18 lib/Debug/libsystem_config.a(cpu.o)
 .text.CPUIntStatus
                0x0000000000000000       0x2c lib/Debug/libsystem_config.a(cpu.o)
 .text.CPUirqd  0x0000000000000000       0x28 lib/Debug/libsystem_config.a(cpu.o)
 .text.CPUirqe  0x0000000000000000       0x28 lib/Debug/libsystem_config.a(cpu.o)
 .text.CPUfiqd  0x0000000000000000       0x28 lib/Debug/libsystem_config.a(cpu.o)
 .text.CPUfiqe  0x0000000000000000       0x28 lib/Debug/libsystem_config.a(cpu.o)
 .debug_info    0x0000000000000000       0xcc lib/Debug/libsystem_config.a(cpu.o)
 .debug_abbrev  0x0000000000000000       0x62 lib/Debug/libsystem_config.a(cpu.o)
 .debug_aranges
                0x0000000000000000       0x58 lib/Debug/libsystem_config.a(cpu.o)
 .debug_ranges  0x0000000000000000       0x48 lib/Debug/libsystem_config.a(cpu.o)
 .debug_line    0x0000000000000000       0xd8 lib/Debug/libsystem_config.a(cpu.o)
 .debug_str     0x0000000000000000      0x1ce lib/Debug/libsystem_config.a(cpu.o)
 .comment       0x0000000000000000       0x6f lib/Debug/libsystem_config.a(cpu.o)
 .debug_frame   0x0000000000000000      0x110 lib/Debug/libsystem_config.a(cpu.o)
 .ARM.attributes
                0x0000000000000000       0x3b lib/Debug/libsystem_config.a(cpu.o)
 .data          0x0000000000000000        0x0 /usr/lib/gcc/arm-none-eabi/4.9.3//libgcc.a(_udivsi3.o)
 .bss           0x0000000000000000        0x0 /usr/lib/gcc/arm-none-eabi/4.9.3//libgcc.a(_udivsi3.o)
 .data          0x0000000000000000        0x0 /usr/lib/gcc/arm-none-eabi/4.9.3//libgcc.a(_divsi3.o)
 .bss           0x0000000000000000        0x0 /usr/lib/gcc/arm-none-eabi/4.9.3//libgcc.a(_divsi3.o)
 .data          0x0000000000000000        0x0 /usr/lib/gcc/arm-none-eabi/4.9.3//libgcc.a(_dvmd_tls.o)
 .bss           0x0000000000000000        0x0 /usr/lib/gcc/arm-none-eabi/4.9.3//libgcc.a(_dvmd_tls.o)

Memory Configuration

Name             Origin             Length             Attributes
DDR0             0x0000000080000000 0x0000000010000000
*default*        0x0000000000000000 0xffffffffffffffff

Linker script and memory map

LOAD Debug/gpioLED.o
LOAD Debug/gpioLEDBlink.o
LOAD lib/Debug/libsystem_config.a
LOAD /usr/lib/arm-none-eabi/lib/libc.a
LOAD /usr/lib/gcc/arm-none-eabi/4.9.3//libgcc.a
LOAD lib/Debug/libsystem_config.a

.startcode      0x0000000080000000       0xb4
                0x0000000080000000                . = ALIGN (0x4)
 *init.o(.text)
 .text          0x0000000080000000       0xb4 lib/Debug/libsystem_config.a(init.o)
                0x0000000080000000                Entry

.text           0x00000000800000b4      0xe0c
                0x00000000800000b4                . = ALIGN (0x4)
 *(.text*)
 .text.GPIO1_ModuleClkConfig
                0x00000000800000b4       0x4c Debug/gpioLED.o
 .text.GPIOPinMuxSetup
                0x0000000080000100       0x38 Debug/gpioLED.o
 .text.GPIOModuleEnable
                0x0000000080000138       0x3c Debug/gpioLED.o
 .text.GPIOModuleReset
                0x0000000080000174       0x3c Debug/gpioLED.o
 .text.GPIODirModeSet
                0x00000000800001b0       0x90 Debug/gpioLED.o
 .text.GPIOPinWrite
                0x0000000080000240       0x6c Debug/gpioLED.o
 .text.ledInit  0x00000000800002ac      0x23c Debug/gpioLED.o
                0x00000000800002ac                ledInit
 .text.ledToggle
                0x00000000800004e8       0x90 Debug/gpioLED.o
                0x00000000800004e8                ledToggle
 .text.main     0x0000000080000578       0x48 Debug/gpioLEDBlink.o
                0x0000000080000578                main
 .text.Delay    0x00000000800005c0       0x38 Debug/gpioLEDBlink.o
 .text.start_boot
                0x00000000800005f8       0x24 lib/Debug/libsystem_config.a(startup.o)
                0x00000000800005f8                start_boot
 .text.CopyVectorTable
                0x000000008000061c       0x94 lib/Debug/libsystem_config.a(startup.o)
 .text          0x00000000800006b0      0x488 lib/Debug/libsystem_config.a(cp15.o)
                0x00000000800006b0                CP15ICacheDisable
                0x00000000800006cc                CP15DCacheDisable
                0x00000000800006e8                CP15ICacheEnable
                0x00000000800006f8                CP15DCacheEnable
                0x0000000080000708                CP15DCacheFlush
                0x000000008000079c                CP15DCacheClean
                0x0000000080000830                CP15DCacheCleanFlush
                0x00000000800008c4                CP15ICacheFlush
                0x00000000800008d4                CP15DCacheCleanBuff
                0x0000000080000928                CP15DCacheCleanFlushBuff
                0x000000008000097c                CP15DCacheFlushBuff
                0x00000000800009e0                CP15ICacheFlushBuff
                0x0000000080000a34                CP15Ttb0Set
                0x0000000080000a40                CP15TlbInvalidate
                0x0000000080000a4c                CP15MMUDisable
                0x0000000080000a64                CP15MMUEnable
                0x0000000080000a78                CP15VectorBaseAddrSet
                0x0000000080000a84                CP15BranchPredictorInvalidate
                0x0000000080000a90                CP15BranchPredictionEnable
                0x0000000080000aa0                CP15BranchPredictionDisable
                0x0000000080000ab0                CP15DomainAccessClientSet
                0x0000000080000ac0                CP15ControlFeatureDisable
                0x0000000080000ad4                CP15ControlFeatureEnable
                0x0000000080000ae8                CP15TtbCtlTtb0Config
                0x0000000080000af8                CP15AuxControlFeatureEnable
                0x0000000080000b0c                CP15AuxControlFeatureDisable
                0x0000000080000b20                CP15MainIdPrimPartNumGet
 .text          0x0000000080000b38       0xf0 lib/Debug/libsystem_config.a(exceptionhandler.o)
                0x0000000080000b38                SVC_Handler
                0x0000000080000b60                IRQHandler
                0x0000000080000c0c                FIQHandler
                0x0000000080000c10                UndefInstHandler
                0x0000000080000c10                AbortHandler
 .text          0x0000000080000c28      0x114 /usr/lib/gcc/arm-none-eabi/4.9.3//libgcc.a(_udivsi3.o)
                0x0000000080000c28                __udivsi3
                0x0000000080000c28                __aeabi_uidiv
                0x0000000080000d1c                __aeabi_uidivmod
 .text          0x0000000080000d3c      0x148 /usr/lib/gcc/arm-none-eabi/4.9.3//libgcc.a(_divsi3.o)
                0x0000000080000d3c                __aeabi_idiv
                0x0000000080000d3c                __divsi3
                0x0000000080000e64                __aeabi_idivmod
 .text          0x0000000080000e84        0x4 /usr/lib/gcc/arm-none-eabi/4.9.3//libgcc.a(_dvmd_tls.o)
                0x0000000080000e84                __aeabi_ldiv0
                0x0000000080000e84                __aeabi_idiv0
 *(.rodata*)
 .rodata.vecTbl
                0x0000000080000e88       0x38 lib/Debug/libsystem_config.a(startup.o)

.glue_7         0x0000000080000ec0        0x0
 .glue_7        0x0000000080000ec0        0x0 linker stubs

.glue_7t        0x0000000080000ec0        0x0
 .glue_7t       0x0000000080000ec0        0x0 linker stubs

.vfp11_veneer   0x0000000080000ec0        0x0
 .vfp11_veneer  0x0000000080000ec0        0x0 linker stubs

.v4_bx          0x0000000080000ec0        0x0
 .v4_bx         0x0000000080000ec0        0x0 linker stubs

.iplt           0x0000000080000ec0        0x0
 .iplt          0x0000000080000ec0        0x0 Debug/gpioLED.o

.rel.dyn        0x0000000080000ec0        0x0
 .rel.iplt      0x0000000080000ec0        0x0 Debug/gpioLED.o

.data           0x0000000080000ec0        0x0
                0x0000000080000ec0                . = ALIGN (0x4)
 *(.data*)

.igot.plt       0x0000000080000ec0        0x0
 .igot.plt      0x0000000080000ec0        0x0 Debug/gpioLED.o

.bss            0x0000000080000ec0      0x204
                0x0000000080000ec0                . = ALIGN (0x4)
                0x0000000080000ec0                _bss_start = .
 *(.bss*)
 .bss.flagToggle
                0x0000000080000ec0        0x4 Debug/gpioLED.o
                0x0000000080000ec0                flagToggle
 *(COMMON)
 COMMON         0x0000000080000ec4      0x200 lib/Debug/libsystem_config.a(interrupt.o)
                0x0000000080000ec4                fnRAMVectors
                0x00000000800010c4                _bss_end = .

.heap           0x00000000800010c4      0x800
                0x00000000800010c4                . = ALIGN (0x4)
                0x00000000800010c4                __end__ = .
                0x00000000800010c4                end = __end__
                0x00000000800010c4                __HeapBase = __end__
 *(.heap*)
                0x00000000800018c4                . = (. + 0x800)
 *fill*         0x00000000800010c4      0x800 
                0x00000000800018c4                __HeapLimit = .

.stack          0x00000000800018c4  0x7fffff8
                0x00000000800018c4                . = ALIGN (0x4)
                0x00000000800018c4                __StackLimit = .
 *(.stack*)
                0x00000000880018bc                . = (. + 0x7fffff8)
 *fill*         0x00000000800018c4  0x7fffff8 
                0x00000000880018bc                __StackTop = .
                0x00000000880018bc                _stack = __StackTop
OUTPUT(Debug/gpioLedBlink.out elf32-littlearm)

.debug_info     0x0000000000000000      0xbb1
 .debug_info    0x0000000000000000      0x283 Debug/gpioLED.o
 .debug_info    0x0000000000000283       0x93 Debug/gpioLEDBlink.o
 .debug_info    0x0000000000000316       0x9f lib/Debug/libsystem_config.a(init.o)
 .debug_info    0x00000000000003b5       0xd2 lib/Debug/libsystem_config.a(startup.o)
 .debug_info    0x0000000000000487       0x9f lib/Debug/libsystem_config.a(cp15.o)
 .debug_info    0x0000000000000526       0xb2 lib/Debug/libsystem_config.a(exceptionhandler.o)
 .debug_info    0x00000000000005d8      0x3cf lib/Debug/libsystem_config.a(interrupt.o)
 .debug_info    0x00000000000009a7       0xae /usr/lib/gcc/arm-none-eabi/4.9.3//libgcc.a(_udivsi3.o)
 .debug_info    0x0000000000000a55       0xae /usr/lib/gcc/arm-none-eabi/4.9.3//libgcc.a(_divsi3.o)
 .debug_info    0x0000000000000b03       0xae /usr/lib/gcc/arm-none-eabi/4.9.3//libgcc.a(_dvmd_tls.o)

.debug_abbrev   0x0000000000000000      0x43f
 .debug_abbrev  0x0000000000000000       0xe4 Debug/gpioLED.o
 .debug_abbrev  0x00000000000000e4       0x81 Debug/gpioLEDBlink.o
 .debug_abbrev  0x0000000000000165       0x14 lib/Debug/libsystem_config.a(init.o)
 .debug_abbrev  0x0000000000000179       0xa2 lib/Debug/libsystem_config.a(startup.o)
 .debug_abbrev  0x000000000000021b       0x14 lib/Debug/libsystem_config.a(cp15.o)
 .debug_abbrev  0x000000000000022f       0x14 lib/Debug/libsystem_config.a(exceptionhandler.o)
 .debug_abbrev  0x0000000000000243      0x1c0 lib/Debug/libsystem_config.a(interrupt.o)
 .debug_abbrev  0x0000000000000403       0x14 /usr/lib/gcc/arm-none-eabi/4.9.3//libgcc.a(_udivsi3.o)
 .debug_abbrev  0x0000000000000417       0x14 /usr/lib/gcc/arm-none-eabi/4.9.3//libgcc.a(_divsi3.o)
 .debug_abbrev  0x000000000000042b       0x14 /usr/lib/gcc/arm-none-eabi/4.9.3//libgcc.a(_dvmd_tls.o)

.debug_aranges  0x0000000000000000      0x278
 .debug_aranges
                0x0000000000000000       0x58 Debug/gpioLED.o
 .debug_aranges
                0x0000000000000058       0x28 Debug/gpioLEDBlink.o
 .debug_aranges
                0x0000000000000080       0x20 lib/Debug/libsystem_config.a(init.o)
 .debug_aranges
                0x00000000000000a0       0x28 lib/Debug/libsystem_config.a(startup.o)
 .debug_aranges
                0x00000000000000c8       0x20 lib/Debug/libsystem_config.a(cp15.o)
 .debug_aranges
                0x00000000000000e8       0x20 lib/Debug/libsystem_config.a(exceptionhandler.o)
 .debug_aranges
                0x0000000000000108      0x110 lib/Debug/libsystem_config.a(interrupt.o)
 .debug_aranges
                0x0000000000000218       0x20 /usr/lib/gcc/arm-none-eabi/4.9.3//libgcc.a(_udivsi3.o)
 .debug_aranges
                0x0000000000000238       0x20 /usr/lib/gcc/arm-none-eabi/4.9.3//libgcc.a(_divsi3.o)
 .debug_aranges
                0x0000000000000258       0x20 /usr/lib/gcc/arm-none-eabi/4.9.3//libgcc.a(_dvmd_tls.o)

.debug_ranges   0x0000000000000000      0x178
 .debug_ranges  0x0000000000000000       0x48 Debug/gpioLED.o
 .debug_ranges  0x0000000000000048       0x18 Debug/gpioLEDBlink.o
 .debug_ranges  0x0000000000000060       0x18 lib/Debug/libsystem_config.a(startup.o)
 .debug_ranges  0x0000000000000078      0x100 lib/Debug/libsystem_config.a(interrupt.o)

.debug_line     0x0000000000000000      0x8e1
 .debug_line    0x0000000000000000      0x113 Debug/gpioLED.o
 .debug_line    0x0000000000000113       0x6c Debug/gpioLEDBlink.o
 .debug_line    0x000000000000017f       0x8d lib/Debug/libsystem_config.a(init.o)
 .debug_line    0x000000000000020c       0x90 lib/Debug/libsystem_config.a(startup.o)
 .debug_line    0x000000000000029c      0x184 lib/Debug/libsystem_config.a(cp15.o)
 .debug_line    0x0000000000000420       0xb3 lib/Debug/libsystem_config.a(exceptionhandler.o)
 .debug_line    0x00000000000004d3      0x2b7 lib/Debug/libsystem_config.a(interrupt.o)
 .debug_line    0x000000000000078a       0x78 /usr/lib/gcc/arm-none-eabi/4.9.3//libgcc.a(_udivsi3.o)
 .debug_line    0x0000000000000802       0x84 /usr/lib/gcc/arm-none-eabi/4.9.3//libgcc.a(_divsi3.o)
 .debug_line    0x0000000000000886       0x5b /usr/lib/gcc/arm-none-eabi/4.9.3//libgcc.a(_dvmd_tls.o)

.debug_str      0x0000000000000000      0x750
 .debug_str     0x0000000000000000      0x2df Debug/gpioLED.o
 .debug_str     0x00000000000002df       0x24 Debug/gpioLEDBlink.o
                                        0x159 (size before relaxing)
 .debug_str     0x0000000000000303      0x192 lib/Debug/libsystem_config.a(startup.o)
                                        0x1bc (size before relaxing)
 .debug_str     0x0000000000000495      0x2bb lib/Debug/libsystem_config.a(interrupt.o)
                                        0x407 (size before relaxing)

.comment        0x0000000000000000       0xa6
 .comment       0x0000000000000000       0x38 Debug/gpioLED.o
                                         0x39 (size before relaxing)
 .comment       0x0000000000000038       0x39 Debug/gpioLEDBlink.o
 .comment       0x0000000000000038       0x6e lib/Debug/libsystem_config.a(startup.o)
                                         0x6f (size before relaxing)
 .comment       0x00000000000000a6       0x6f lib/Debug/libsystem_config.a(interrupt.o)

.ARM.attributes
                0x0000000000000000       0x39
 .ARM.attributes
                0x0000000000000000       0x37 Debug/gpioLED.o
 .ARM.attributes
                0x0000000000000037       0x37 Debug/gpioLEDBlink.o
 .ARM.attributes
                0x000000000000006e       0x29 lib/Debug/libsystem_config.a(init.o)
 .ARM.attributes
                0x0000000000000097       0x3b lib/Debug/libsystem_config.a(startup.o)
 .ARM.attributes
                0x00000000000000d2       0x29 lib/Debug/libsystem_config.a(cp15.o)
 .ARM.attributes
                0x00000000000000fb       0x29 lib/Debug/libsystem_config.a(exceptionhandler.o)
 .ARM.attributes
                0x0000000000000124       0x3b lib/Debug/libsystem_config.a(interrupt.o)
 .ARM.attributes
                0x000000000000015f       0x18 /usr/lib/gcc/arm-none-eabi/4.9.3//libgcc.a(_udivsi3.o)
 .ARM.attributes
                0x0000000000000177       0x18 /usr/lib/gcc/arm-none-eabi/4.9.3//libgcc.a(_divsi3.o)
 .ARM.attributes
                0x000000000000018f       0x18 /usr/lib/gcc/arm-none-eabi/4.9.3//libgcc.a(_dvmd_tls.o)

.debug_frame    0x0000000000000000      0x5c8
 .debug_frame   0x0000000000000000      0x114 Debug/gpioLED.o
 .debug_frame   0x0000000000000114       0x4c Debug/gpioLEDBlink.o
 .debug_frame   0x0000000000000160       0x4c lib/Debug/libsystem_config.a(startup.o)
 .debug_frame   0x00000000000001ac      0x3dc lib/Debug/libsystem_config.a(interrupt.o)
 .debug_frame   0x0000000000000588       0x20 /usr/lib/gcc/arm-none-eabi/4.9.3//libgcc.a(_udivsi3.o)
 .debug_frame   0x00000000000005a8       0x20 /usr/lib/gcc/arm-none-eabi/4.9.3//libgcc.a(_divsi3.o)
